Archive member included to satisfy reference by file (symbol)

contiki-osd-merkur-256.a(er-coap-engine.)
                              obj_osd-merkur-256/res-bmpatm.o (coap_rest_implementation)
contiki-osd-merkur-256.a(er-coap-transac)
                              contiki-osd-merkur-256.a(er-coap-engine.) (coap_register_as_transaction_handler)
contiki-osd-merkur-256.a(er-coap-observe)
                              contiki-osd-merkur-256.a(er-coap-transac) (coap_remove_observer_by_client)
contiki-osd-merkur-256.a(er-coap-res-wel)
                              contiki-osd-merkur-256.a(er-coap-engine.) (res_well_known_core)
contiki-osd-merkur-256.a(rest-engine.o)
                              obj_osd-merkur-256/sketch.o (rest_init_engine)
contiki-osd-merkur-256.a(arduino-process)
                              obj_osd-merkur-256/sketch.o (mcu_sleep_set)
contiki-osd-merkur-256.a(res_bootloader.)
                              obj_osd-merkur-256/sketch.o (res_part_ok)
contiki-osd-merkur-256.a(res_reboot.o)
                              obj_osd-merkur-256/sketch.o (res_reboot)
contiki-osd-merkur-256.a(res_upload_imag)
                              obj_osd-merkur-256/sketch.o (res_upload_image)
contiki-osd-merkur-256.a(contiki-main.o)
                              /usr/lib/gcc/avr/4.9.2/../../../avr/lib/avr6/crtatmega256rfr2.o (main)
contiki-osd-merkur-256.a(params.o)
                              contiki-osd-merkur-256.a(contiki-main.o) (params_get_eui64)
contiki-osd-merkur-256.a(sensors.o)
                              contiki-osd-merkur-256.a(contiki-main.o) (sensors_process)
contiki-osd-merkur-256.a(adc.o)
                              obj_osd-merkur-256/res-cputemp.o (readInternalTemp)
contiki-osd-merkur-256.a(button-sensor.o)
                              contiki-osd-merkur-256.a(contiki-main.o) (button_sensor)
contiki-osd-merkur-256.a(battery-sensor.)
                              obj_osd-merkur-256/res-battery.o (battery_sensor)
contiki-osd-merkur-256.a(batmon.o)
                              contiki-osd-merkur-256.a(battery-sensor.) (batmon_init)
contiki-osd-merkur-256.a(pir-sensor.o)
                              contiki-osd-merkur-256.a(contiki-main.o) (pir_sensor)
contiki-osd-merkur-256.a(wiring_digital.)
                              obj_osd-merkur-256/sketch.o (pinMode)
contiki-osd-merkur-256.a(Wire.o)
                              obj_osd-merkur-256/Adafruit_BME280.o (_ZN7TwoWire4readEv)
contiki-osd-merkur-256.a(Print.o)
                              obj_osd-merkur-256/Adafruit_GFX.o (_ZN5Print5writeEPKhj)
contiki-osd-merkur-256.a(SPI.o)
                              obj_osd-merkur-256/Adafruit_BME280.o (_ZN8SPIClass5beginEv)
contiki-osd-merkur-256.a(clock.o)
                              contiki-osd-merkur-256.a(contiki-main.o) (clock_init)
contiki-osd-merkur-256.a(rs232.o)
                              contiki-osd-merkur-256.a(contiki-main.o) (rs232_init)
contiki-osd-merkur-256.a(watchdog.o)
                              contiki-osd-merkur-256.a(contiki-main.o) (watchdog_init)
contiki-osd-merkur-256.a(random.o)
                              contiki-osd-merkur-256.a(contiki-main.o) (random_init)
contiki-osd-merkur-256.a(leds.o)
                              obj_osd-merkur-256/res-leds.o (leds_on)
contiki-osd-merkur-256.a(rf230bb.o)
                              contiki-osd-merkur-256.a(contiki-main.o) (rf230_get_channel)
contiki-osd-merkur-256.a(halbb.o)
                              contiki-osd-merkur-256.a(rf230bb.o) (hal_init)
contiki-osd-merkur-256.a(autostart.o)
                              contiki-osd-merkur-256.a(contiki-main.o) (autostart_start)
contiki-osd-merkur-256.a(ctimer.o)
                              contiki-osd-merkur-256.a(contiki-main.o) (ctimer_init)
contiki-osd-merkur-256.a(etimer.o)
                              contiki-osd-merkur-256.a(clock.o) (etimer_request_poll)
contiki-osd-merkur-256.a(process.o)
                              contiki-osd-merkur-256.a(er-coap-engine.) (process_current)
contiki-osd-merkur-256.a(rtimer.o)
                              contiki-osd-merkur-256.a(contiki-main.o) (rtimer_init)
contiki-osd-merkur-256.a(timer.o)
                              contiki-osd-merkur-256.a(button-sensor.o) (timer_set)
contiki-osd-merkur-256.a(serial-line.o)
                              contiki-osd-merkur-256.a(contiki-main.o) (serial_line_input_byte)
contiki-osd-merkur-256.a(list.o)
                              contiki-osd-merkur-256.a(rest-engine.o) (list_init)
contiki-osd-merkur-256.a(memb.o)
                              contiki-osd-merkur-256.a(er-coap-transac) (memb_alloc)
contiki-osd-merkur-256.a(ringbuf.o)
                              contiki-osd-merkur-256.a(serial-line.o) (ringbuf_init)
contiki-osd-merkur-256.a(uip-ds6.o)
                              contiki-osd-merkur-256.a(contiki-main.o) (uip_ds6_if)
contiki-osd-merkur-256.a(uip-ds6-route.o)
                              contiki-osd-merkur-256.a(uip-ds6.o) (uip_ds6_route_init)
[...]
Memory Configuration

Name             Origin             Length             Attributes
text             0x0000000000000000 0x0000000000100000 xr
data             0x0000000000800200 0x000000000000fe00 rw !x
eeprom           0x0000000000810000 0x0000000000010000 rw !x
fuse             0x0000000000820000 0x0000000000000400 rw !x
lock             0x0000000000830000 0x0000000000000400 rw !x
signature        0x0000000000840000 0x0000000000000400 rw !x
user_signatures  0x0000000000850000 0x0000000000000400 rw !x
*default*        0x0000000000000000 0xffffffffffffffff

Linker script and memory map

Address of section .data set to 0x800200
LOAD /usr/lib/gcc/avr/4.9.2/../../../avr/lib/avr6/crtatmega256rfr2.o
                0x000000000003ff80                bootloader_get_mac = 0x3ff80
                0x000000000003ff84                _bootloader_write_page_to_flash = 0x3ff84
                0x000000000003ff88                bootloader_get_part_count = 0x3ff88
                0x000000000003ff8c                bootloader_get_part_size = 0x3ff8c
                0x000000000003ff90                bootloader_get_part_start = 0x3ff90
                0x000000000003ff94                _bootloader_set_part_ok = 0x3ff94
                0x000000000003ff98                _bootloader_clr_part_ok = 0x3ff98
                0x000000000003ff9c                _bootloader_set_boot_default = 0x3ff9c
                0x000000000003ffa0                _bootloader_set_boot_next = 0x3ffa0
                0x000000000003ffa4                bootloader_get_part_ok = 0x3ffa4
                0x000000000003ffa8                bootloader_get_boot_default = 0x3ffa8
                0x000000000003ffac                bootloader_get_boot_next = 0x3ffac
                0x000000000003ffb0                bootloader_get_active_part = 0x3ffb0
                0x0000000000000000                __TEXT_SECTION_OFFSET__ = 0x0
Address of section .bootloader set to 0x3e000
LOAD arduino-example.co
LOAD obj_osd-merkur-256/sketch.o
LOAD obj_osd-merkur-256/Adafruit_BME280.o
LOAD obj_osd-merkur-256/epd1in54.o
LOAD obj_osd-merkur-256/epdif.o
LOAD obj_osd-merkur-256/Adafruit_GFX.o
LOAD obj_osd-merkur-256/res-bmpatm.o
LOAD obj_osd-merkur-256/res-bmptemp.o
LOAD obj_osd-merkur-256/res-bmphum.o
LOAD obj_osd-merkur-256/res-bmpalt.o
LOAD obj_osd-merkur-256/res-bmppress.o
LOAD obj_osd-merkur-256/res-cputemp.o
LOAD obj_osd-merkur-256/res-battery.o
LOAD obj_osd-merkur-256/res-leds.o
LOAD obj_osd-merkur-256/res-radio.o
LOAD contiki-osd-merkur-256.a
START GROUP
LOAD /usr/lib/gcc/avr/4.9.2/avr6/libgcc.a
LOAD /usr/lib/gcc/avr/4.9.2/../../../avr/lib/avr6/libm.a
LOAD /usr/lib/gcc/avr/4.9.2/../../../avr/lib/avr6/libc.a
LOAD /usr/lib/gcc/avr/4.9.2/../../../avr/lib/avr6/libatmega256rfr2.a
END GROUP
                0x0000000000000000                __TEXT_SECTION_OFFSET__ = DEFINED (__TEXT_SECTION_OFFSET__)?__TEXT_SECTION_OFFSET__:0x0
                0x0000000000100000                __TEXT_REGION_LENGTH__ = DEFINED (__TEXT_REGION_LENGTH__)?__TEXT_REGION_LENGTH__:0x100000
                0x000000000000fe00                __DATA_REGION_LENGTH__ = DEFINED (__DATA_REGION_LENGTH__)?__DATA_REGION_LENGTH__:0xfe00
                0x0000000000010000                __EEPROM_REGION_LENGTH__ = DEFINED (__EEPROM_REGION_LENGTH__)?__EEPROM_REGION_LENGTH__:0x10000
                0x0000000000000400                __FUSE_REGION_LENGTH__ = DEFINED (__FUSE_REGION_LENGTH__)?__FUSE_REGION_LENGTH__:0x400
                0x0000000000000400                __LOCK_REGION_LENGTH__ = DEFINED (__LOCK_REGION_LENGTH__)?__LOCK_REGION_LENGTH__:0x400
                0x0000000000000400                __SIGNATURE_REGION_LENGTH__ = DEFINED (__SIGNATURE_REGION_LENGTH__)?__SIGNATURE_REGION_LENGTH__:0x400
                0x0000000000000400                __USER_SIGNATURE_REGION_LENGTH__ = DEFINED (__USER_SIGNATURE_REGION_LENGTH__)?__USER_SIGNATURE_REGION_LENGTH__:0x400

.hash
 *(.hash)

.dynsym
 *(.dynsym)

.dynstr
 *(.dynstr)

.gnu.version
 *(.gnu.version)

.gnu.version_d
 *(.gnu.version_d)

.gnu.version_r
 *(.gnu.version_r)

.rel.init
 *(.rel.init)

.rela.init
 *(.rela.init)

.rel.text
 *(.rel.text)
 *(.rel.text.*)
 *(.rel.gnu.linkonce.t*)

.rela.text
 *(.rela.text)
 *(.rela.text.*)
 *(.rela.gnu.linkonce.t*)

.rel.fini
 *(.rel.fini)

.rela.fini
 *(.rela.fini)

.rel.rodata
 *(.rel.rodata)
 *(.rel.rodata.*)
 *(.rel.gnu.linkonce.r*)

.rela.rodata
 *(.rela.rodata)
 *(.rela.rodata.*)
 *(.rela.gnu.linkonce.r*)

.rel.data
 *(.rel.data)
 *(.rel.data.*)
 *(.rel.gnu.linkonce.d*)

.rela.data
 *(.rela.data)
 *(.rela.data.*)
 *(.rela.gnu.linkonce.d*)

.rel.ctors
 *(.rel.ctors)

.rela.ctors
 *(.rela.ctors)

.rel.dtors
 *(.rel.dtors)

.rela.dtors
 *(.rela.dtors)

.rel.got
 *(.rel.got)

.rela.got
 *(.rela.got)

.rel.bss
 *(.rel.bss)

.rela.bss
 *(.rela.bss)

.rel.plt
 *(.rel.plt)

.rela.plt
 *(.rela.plt)

.customlowtext  0x0000000000000000     0x40a6
 *(.vectors)
 .vectors       0x0000000000000000      0x134 /usr/lib/gcc/avr/4.9.2/../../../avr/lib/avr6/crtatmega256rfr2.o
                0x0000000000000000                __vectors
                0x0000000000000000                __vector_default
 *(.vectors)
 *(.progmem.gcc*)
 .progmem.gcc_sw_table.set_value
                0x0000000000000134       0x10 contiki-osd-merkur-256.a(rf230bb.o)
 .progmem.gcc_sw_table.get_value
                0x0000000000000144       0x22 contiki-osd-merkur-256.a(rf230bb.o)
 .progmem.gcc_sw_table.uip_process
                0x0000000000000166       0x10 contiki-osd-merkur-256.a(uip6.o)
 .progmem.gcc_fplib
                0x0000000000000176       0x28 /usr/lib/gcc/avr/4.9.2/../../../avr/lib/avr6/libm.a(exp.o)
 .progmem.gcc_fplib
                0x000000000000019e       0x5a /usr/lib/gcc/avr/4.9.2/../../../avr/lib/avr6/libm.a(log.o)
                0x00000000000001f8                . = ALIGN (0x2)
                0x00000000000001f8                __trampolines_start = .
 *(.trampolines)
 .trampolines   0x00000000000001f8      0x32c linker stubs
 *(.trampolines*)
                0x0000000000000524                __trampolines_end = .
 *libprintf_flt.a:*(.progmem.data)
 *libc.a:*(.progmem.data)
 .progmem.data  0x0000000000000524       0xfa /usr/lib/gcc/avr/4.9.2/../../../avr/lib/avr6/libc.a(ftoa_engine.o)
 *(.progmem*)
 .progmem.data._ZZ4loopE3__c_0
                0x000000000000061e        0x2 obj_osd-merkur-256/sketch.o
 .progmem.data._ZZ4loopE3__c
                0x0000000000000620        0xb obj_osd-merkur-256/sketch.o
 .progmem.data._ZL13arialbd12pt7b
                0x000000000000062b        0x7 obj_osd-merkur-256/sketch.o
 .progmem.data._ZL19arialbd12pt7bGlyphs
                0x0000000000000632      0x299 obj_osd-merkur-256/sketch.o
 .progmem.data._ZL20arialbd12pt7bBitmaps
                0x00000000000008cb      0x848 obj_osd-merkur-256/sketch.o
 .progmem.data._ZL13arialbd20pt7b
                0x0000000000001113        0x7 obj_osd-merkur-256/sketch.o
 .progmem.data._ZL19arialbd20pt7bGlyphs
                0x000000000000111a      0x299 obj_osd-merkur-256/sketch.o
 .progmem.data._ZL20arialbd20pt7bBitmaps
                0x00000000000013b3     0x15af obj_osd-merkur-256/sketch.o
 .progmem.data._ZL13arialbd48pt7b
                0x0000000000002962        0x7 obj_osd-merkur-256/sketch.o
 .progmem.data._ZL19arialbd48pt7bGlyphs
                0x0000000000002969       0x62 obj_osd-merkur-256/sketch.o
 .progmem.data._ZL20arialbd48pt7bBitmaps
                0x00000000000029cb      0xfd0 obj_osd-merkur-256/sketch.o
 .progmem.data._ZZN10GFXcanvas19drawPixelEiijE9GFXclrBit
                0x000000000000399b        0x8 obj_osd-merkur-256/Adafruit_GFX.o
 .progmem.data._ZZN10GFXcanvas19drawPixelEiijE9GFXsetBit
                0x00000000000039a3        0x8 obj_osd-merkur-256/Adafruit_GFX.o
 .progmem.data._ZL4font
                0x00000000000039ab      0x500 obj_osd-merkur-256/Adafruit_GFX.o
 .progmem.data.__c.4734
                0x0000000000003eab        0x3 contiki-osd-merkur-256.a(contiki-main.o)
 .progmem.data.__c.4732
                0x0000000000003eae        0x2 contiki-osd-merkur-256.a(contiki-main.o)
 .progmem.data.__c.4730
                0x0000000000003eb0        0x3 contiki-osd-merkur-256.a(contiki-main.o)
 .progmem.data.__c.4781
                0x0000000000003eb3       0x1d contiki-osd-merkur-256.a(contiki-main.o)
 .progmem.data.__c.4776
                0x0000000000003ed0        0xc contiki-osd-merkur-256.a(contiki-main.o)
 .progmem.data.__c.4774
                0x0000000000003edc        0x9 contiki-osd-merkur-256.a(contiki-main.o)
 .progmem.data.__c.4769
                0x0000000000003ee5        0x8 contiki-osd-merkur-256.a(contiki-main.o)
 .progmem.data.__c.4767
                0x0000000000003eed        0xa contiki-osd-merkur-256.a(contiki-main.o)
 .progmem.data.__c.4764
                0x0000000000003ef7       0x12 contiki-osd-merkur-256.a(contiki-main.o)
 .progmem.data.__c.4757
                0x0000000000003f09        0x2 contiki-osd-merkur-256.a(contiki-main.o)
 .progmem.data.__c.4755
                0x0000000000003f0b       0x15 contiki-osd-merkur-256.a(contiki-main.o)
 .progmem.data.__c.4750
                0x0000000000003f20        0x2 contiki-osd-merkur-256.a(contiki-main.o)
 .progmem.data.__c.4748
                0x0000000000003f22       0x15 contiki-osd-merkur-256.a(contiki-main.o)
 .progmem.data.__c.4743
                0x0000000000003f37        0x5 contiki-osd-merkur-256.a(contiki-main.o)
 .progmem.data.__c.4722
                0x0000000000003f3c        0x8 contiki-osd-merkur-256.a(contiki-main.o)
 .progmem.data.__c.4720
                0x0000000000003f44       0x11 contiki-osd-merkur-256.a(contiki-main.o)
 .progmem.data.__c.4718
                0x0000000000003f55        0xd contiki-osd-merkur-256.a(contiki-main.o)
 .progmem.data.__c.4716
                0x0000000000003f62       0x32 contiki-osd-merkur-256.a(contiki-main.o)
 .progmem.data.__c.4712
                0x0000000000003f94       0x25 contiki-osd-merkur-256.a(contiki-main.o)
 .progmem.data.__c.4710
                0x0000000000003fb9        0xa contiki-osd-merkur-256.a(contiki-main.o)
 .progmem.data.__c.4708
                0x0000000000003fc3       0x20 contiki-osd-merkur-256.a(contiki-main.o)
 .progmem.data.__c.4705
                0x0000000000003fe3       0x1b contiki-osd-merkur-256.a(contiki-main.o)
 .progmem.data.digital_pin_to_bit_mask_PGM
                0x0000000000003ffe       0x15 contiki-osd-merkur-256.a(wiring_digital.)
                0x0000000000003ffe                digital_pin_to_bit_mask_PGM
 .progmem.data.digital_pin_to_port_PGM
                0x0000000000004013       0x15 contiki-osd-merkur-256.a(wiring_digital.)
                0x0000000000004013                digital_pin_to_port_PGM
 .progmem.data.port_to_input_PGM
                0x0000000000004028       0x1a contiki-osd-merkur-256.a(wiring_digital.)
                0x0000000000004028                port_to_input_PGM
 .progmem.data.port_to_output_PGM
                0x0000000000004042       0x1a contiki-osd-merkur-256.a(wiring_digital.)
                0x0000000000004042                port_to_output_PGM
 .progmem.data.port_to_mode_PGM
                0x000000000000405c       0x1a contiki-osd-merkur-256.a(wiring_digital.)
                0x000000000000405c                port_to_mode_PGM
 .progmem.data.__c.2574
                0x0000000000004076        0x3 contiki-osd-merkur-256.a(uip-debug.o)
 .progmem.data.__c.2572
                0x0000000000004079        0x2 contiki-osd-merkur-256.a(uip-debug.o)
 .progmem.data.__c.2570
                0x000000000000407b        0x3 contiki-osd-merkur-256.a(uip-debug.o)
 .progmem.data.__c.2568
                0x000000000000407e       0x13 contiki-osd-merkur-256.a(uip-debug.o)
 .progmem.data.__c.2566
                0x0000000000004091        0xf contiki-osd-merkur-256.a(uip-debug.o)
                0x00000000000040a0                . = ALIGN (0x2)
 *(.jumptables)
 *(.jumptables*)
 *(.lowtext)
 *(.lowtext*)
                0x00000000000040a0                __ctors_start = .
 *(.ctors)
 .ctors         0x00000000000040a0        0x2 obj_osd-merkur-256/sketch.o
 .ctors         0x00000000000040a2        0x2 contiki-osd-merkur-256.a(Wire.o)
                0x00000000000040a4                __ctors_end = .
                0x00000000000040a4                __dtors_start = .
 *(.dtors)
 .dtors         0x00000000000040a4        0x2 obj_osd-merkur-256/sketch.o
                0x00000000000040a6                __dtors_end = .
 SORT(*)(.ctors)
 SORT(*)(.dtors)
                0x00000000000040a6                __custom_lowtext_end = .

.text           0x00000000000040a6    0x164e0
                0x00000000000040a6                __custom_lowtext_end_skip = .
 *(.init0)
 .init0         0x00000000000040a6        0x0 /usr/lib/gcc/avr/4.9.2/../../../avr/lib/avr6/crtatmega256rfr2.o
                0x00000000000040a6                __init
 *(.init0)
 *(.init1)
 *(.init1)
 *(.init2)
 .init2         0x00000000000040a6       0x10 /usr/lib/gcc/avr/4.9.2/../../../avr/lib/avr6/crtatmega256rfr2.o
 *(.init2)
 *(.init3)
 *(.init3)
 *(.init4)
 .init4         0x00000000000040b6       0x1a /usr/lib/gcc/avr/4.9.2/avr6/libgcc.a(_copy_data.o)
                0x00000000000040b6                __do_copy_data
 .init4         0x00000000000040d0       0x10 /usr/lib/gcc/avr/4.9.2/avr6/libgcc.a(_clear_bss.o)
                0x00000000000040d0                __do_clear_bss
 *(.init4)
 *(.init5)
 *(.init5)
 *(.init6)
 .init6         0x00000000000040e0       0x20 /usr/lib/gcc/avr/4.9.2/avr6/libgcc.a(_ctors.o)
                0x00000000000040e0                __do_global_ctors
 *(.init6)
 *(.init7)
 *(.init7)
 *(.init8)
 *(.init8)
 *(.init9)
 .init9         0x0000000000004100        0x8 /usr/lib/gcc/avr/4.9.2/../../../avr/lib/avr6/crtatmega256rfr2.o
 *(.init9)
 *(.text)
 .text          0x0000000000004108        0x4 /usr/lib/gcc/avr/4.9.2/../../../avr/lib/avr6/crtatmega256rfr2.o
                0x0000000000004108                __vector_38
                0x0000000000004108                __vector_22
                0x0000000000004108                __vector_28
                0x0000000000004108                __vector_67
                0x0000000000004108                __vector_1
                0x0000000000004108                __vector_32
                0x0000000000004108                __vector_75
                0x0000000000004108                __vector_71
                0x0000000000004108                __vector_34
                0x0000000000004108                __vector_24
                0x0000000000004108                __vector_12
                0x0000000000004108                __vector_55
                0x0000000000004108                __vector_69
                0x0000000000004108                __vector_46
                0x0000000000004108                __bad_interrupt
                0x0000000000004108                __vector_72
                0x0000000000004108                __vector_6
                0x0000000000004108                __vector_31
                0x0000000000004108                __vector_35
                0x0000000000004108                __vector_74
                0x0000000000004108                __vector_3
                0x0000000000004108                __vector_23
                0x0000000000004108                __vector_68
                0x0000000000004108                __vector_30
                0x0000000000004108                __vector_73
                0x0000000000004108                __vector_45
                0x0000000000004108                __vector_11
                0x0000000000004108                __vector_54
                0x0000000000004108                __vector_17
                0x0000000000004108                __vector_19
                0x0000000000004108                __vector_56
                0x0000000000004108                __vector_49
                0x0000000000004108                __vector_41
                0x0000000000004108                __vector_43
                0x0000000000004108                __vector_27
                0x0000000000004108                __vector_33
                0x0000000000004108                __vector_76
                0x0000000000004108                __vector_52
                0x0000000000004108                __vector_37
                0x0000000000004108                __vector_4
                0x0000000000004108                __vector_44
                0x0000000000004108                __vector_51
                0x0000000000004108                __vector_9
                0x0000000000004108                __vector_2
                0x0000000000004108                __vector_15
                0x0000000000004108                __vector_66
                0x0000000000004108                __vector_36
                0x0000000000004108                __vector_70
                0x0000000000004108                __vector_29
                0x0000000000004108                __vector_40
                0x0000000000004108                __vector_8
                0x0000000000004108                __vector_26
                0x0000000000004108                __vector_48
                0x0000000000004108                __vector_14
                0x0000000000004108                __vector_53
                0x0000000000004108                __vector_10
                0x0000000000004108                __vector_50
                0x0000000000004108                __vector_16
                0x0000000000004108                __vector_18
                0x0000000000004108                __vector_20
                0x0000000000004108                __vector_42
                0x0000000000004108                __vector_65
                0x000000000000410c                . = ALIGN (0x2)
 *(.text.*)
 .text.__cxa_pure_virtual
                0x000000000000410c        0x2 obj_osd-merkur-256/sketch.o
                0x000000000000410c                __cxa_pure_virtual
 .text.setup    0x000000000000410e      0x11a obj_osd-merkur-256/sketch.o
                0x000000000000410e                setup
 .text.startup._GLOBAL__sub_I_bmptemp
                0x0000000000004228       0x20 obj_osd-merkur-256/sketch.o
 .text.exit._GLOBAL__sub_D_bmptemp
                0x0000000000004248       0x10 obj_osd-merkur-256/sketch.o
 .text.loop     0x0000000000004258      0x2f6 obj_osd-merkur-256/sketch.o
                0x0000000000004258                loop
 .text._ZN8SPIClass16beginTransactionE11SPISettings
                0x000000000000454e       0x34 obj_osd-merkur-256/Adafruit_BME280.o
                0x000000000000454e                _ZN8SPIClass16beginTransactionE11SPISettings
 .text._ZN8SPIClass14endTransactionEv
                0x0000000000004582       0x22 obj_osd-merkur-256/Adafruit_BME280.o
                0x0000000000004582                _ZN8SPIClass14endTransactionEv
 .text._ZN15Adafruit_BME280C2Ev
                0x00000000000045a4        0xe obj_osd-merkur-256/Adafruit_BME280.o
                0x00000000000045a4                _ZN15Adafruit_BME280C1Ev
                0x00000000000045a4                _ZN15Adafruit_BME280C2Ev
 .text._ZN15Adafruit_BME2807spixferEh
                0x00000000000045b2       0x8e obj_osd-merkur-256/Adafruit_BME280.o
                0x00000000000045b2                _ZN15Adafruit_BME2807spixferEh
 .text._ZN15Adafruit_BME2806write8Ehh
                0x0000000000004640       0x8e obj_osd-merkur-256/Adafruit_BME280.o
                0x0000000000004640                _ZN15Adafruit_BME2806write8Ehh
 .text._ZN15Adafruit_BME28011setSamplingENS_11sensor_modeENS_15sensor_samplingES1_S1_NS_13sensor_filterENS_16standby_durationE
                0x00000000000046ce       0xd4 obj_osd-merkur-256/Adafruit_BME280.o
                0x00000000000046ce                _ZN15Adafruit_BME28011setSamplingENS_11sensor_modeENS_15sensor_samplingES1_S1_NS_13sensor_filterENS_16standby_durationE
 .text._ZN15Adafruit_BME2805read8Eh
                0x00000000000047a2       0x8a obj_osd-merkur-256/Adafruit_BME280.o
                0x00000000000047a2                _ZN15Adafruit_BME2805read8Eh
 .text._ZN15Adafruit_BME28020isReadingCalibrationEv
                0x000000000000482c        0xa obj_osd-merkur-256/Adafruit_BME280.o
                0x000000000000482c                _ZN15Adafruit_BME28020isReadingCalibrationEv
 .text._ZN15Adafruit_BME2806read16Eh
                0x0000000000004836       0xc2 obj_osd-merkur-256/Adafruit_BME280.o
                0x0000000000004836                _ZN15Adafruit_BME2806read16Eh
 .text._ZN15Adafruit_BME2809read16_LEEh
                0x00000000000048f8        0xc obj_osd-merkur-256/Adafruit_BME280.o
                0x00000000000048f8                _ZN15Adafruit_BME2809read16_LEEh
 .text._ZN15Adafruit_BME28016readCoefficientsEv
                0x0000000000004904      0x11a obj_osd-merkur-256/Adafruit_BME280.o
                0x0000000000004904                _ZN15Adafruit_BME28016readCoefficientsEv
 .text._ZN15Adafruit_BME2805beginEh
                0x0000000000004a1e       0xbe obj_osd-merkur-256/Adafruit_BME280.o
                0x0000000000004a1e                _ZN15Adafruit_BME2805beginEh
 .text._ZN15Adafruit_BME2806read24Eh
                0x0000000000004adc      0x10c obj_osd-merkur-256/Adafruit_BME280.o
                0x0000000000004adc                _ZN15Adafruit_BME2806read24Eh
 .text._ZN15Adafruit_BME28015readTemperatureEv
                0x0000000000004be8      0x12e obj_osd-merkur-256/Adafruit_BME280.o
                0x0000000000004be8                _ZN15Adafruit_BME28015readTemperatureEv
 .text._ZN15Adafruit_BME28012readHumidityEv
                0x0000000000004d16      0x200 obj_osd-merkur-256/Adafruit_BME280.o
                0x0000000000004d16                _ZN15Adafruit_BME28012readHumidityEv
 .text._ZN15Adafruit_BME28012readPressureEv
                0x0000000000004f16      0x4ba obj_osd-merkur-256/Adafruit_BME280.o
                0x0000000000004f16                _ZN15Adafruit_BME28012readPressureEv
 .text._ZN15Adafruit_BME28012readAltitudeEf
                0x00000000000053d0       0x56 obj_osd-merkur-256/Adafruit_BME280.o
                0x00000000000053d0                _ZN15Adafruit_BME28012readAltitudeEf
 .text._ZN3EpdD2Ev
                0x0000000000005426        0x4 obj_osd-merkur-256/epd1in54.o
                0x0000000000005426                _ZN3EpdD2Ev
                0x0000000000005426                _ZN3EpdD1Ev
 .text._ZN3EpdC2Ev
                0x000000000000542a       0x48 obj_osd-merkur-256/epd1in54.o
                0x000000000000542a                _ZN3EpdC1Ev
                0x000000000000542a                _ZN3EpdC2Ev
 .text._ZN3Epd11SendCommandEh
                0x0000000000005472       0x1a obj_osd-merkur-256/epd1in54.o
                0x0000000000005472                _ZN3Epd11SendCommandEh
 .text._ZN3Epd8SendDataEh
                0x000000000000548c       0x1a obj_osd-merkur-256/epd1in54.o
                0x000000000000548c                _ZN3Epd8SendDataEh
 .text._ZN3Epd13WaitUntilIdleEv
                0x00000000000054a6       0x22 obj_osd-merkur-256/epd1in54.o
                0x00000000000054a6                _ZN3Epd13WaitUntilIdleEv
 .text._ZN3Epd5ResetEv
                0x00000000000054c8       0x32 obj_osd-merkur-256/epd1in54.o
                0x00000000000054c8                _ZN3Epd5ResetEv
 .text._ZN3Epd6SetLutEPKh
                0x00000000000054fa       0x46 obj_osd-merkur-256/epd1in54.o
                0x00000000000054fa                _ZN3Epd6SetLutEPKh
 .text._ZN3Epd4InitEPKh
                0x0000000000005540       0xc6 obj_osd-merkur-256/epd1in54.o
                0x0000000000005540                _ZN3Epd4InitEPKh
 .text._ZN3Epd12DisplayFrameEv
                0x0000000000005606       0x2e obj_osd-merkur-256/epd1in54.o
                0x0000000000005606                _ZN3Epd12DisplayFrameEv
 .text._ZN3Epd13SetMemoryAreaEiiii
                0x0000000000005634       0x94 obj_osd-merkur-256/epd1in54.o
                0x0000000000005634                _ZN3Epd13SetMemoryAreaEiiii
 .text._ZN3Epd16SetMemoryPointerEii
                0x00000000000056c8       0x66 obj_osd-merkur-256/epd1in54.o
                0x00000000000056c8                _ZN3Epd16SetMemoryPointerEii
 .text._ZN3Epd14SetFrameMemoryEPKhiiii
                0x000000000000572e      0x158 obj_osd-merkur-256/epd1in54.o
                0x000000000000572e                _ZN3Epd14SetFrameMemoryEPKhiiii
 .text._ZN3Epd16ClearFrameMemoryEh
                0x0000000000005886       0xca obj_osd-merkur-256/epd1in54.o
                0x0000000000005886                _ZN3Epd16ClearFrameMemoryEh
 .text._ZN3Epd5SleepEv
                0x0000000000005950       0x16 obj_osd-merkur-256/epd1in54.o
                0x0000000000005950                _ZN3Epd5SleepEv
 .text._ZN5EpdIfC2Ev
                0x0000000000005966        0x2 obj_osd-merkur-256/epdif.o
                0x0000000000005966                _ZN5EpdIfC2Ev
                0x0000000000005966                _ZN5EpdIfC1Ev
 .text._ZN5EpdIfD2Ev
                0x0000000000005968        0x2 obj_osd-merkur-256/epdif.o
                0x0000000000005968                _ZN5EpdIfD2Ev
                0x0000000000005968                _ZN5EpdIfD1Ev
 .text._ZN5EpdIf12DigitalWriteEii
                0x000000000000596a        0x4 obj_osd-merkur-256/epdif.o
                0x000000000000596a                _ZN5EpdIf12DigitalWriteEii
 .text._ZN5EpdIf11DigitalReadEi
                0x000000000000596e        0x4 obj_osd-merkur-256/epdif.o
                0x000000000000596e                _ZN5EpdIf11DigitalReadEi
 .text._ZN5EpdIf7DelayMsEj
                0x0000000000005972        0x4 obj_osd-merkur-256/epdif.o
                0x0000000000005972                _ZN5EpdIf7DelayMsEj
 .text._ZN5EpdIf11SpiTransferEh
                0x0000000000005976       0x22 obj_osd-merkur-256/epdif.o
                0x0000000000005976                _ZN5EpdIf11SpiTransferEh
 .text._ZN5EpdIf6IfInitEv
                0x0000000000005998       0x60 obj_osd-merkur-256/epdif.o
                0x0000000000005998                _ZN5EpdIf6IfInitEv
 .text._ZN12Adafruit_GFX9writeLineEiiiij
                0x00000000000059f8      0x152 obj_osd-merkur-256/Adafruit_GFX.o
                0x00000000000059f8                _ZN12Adafruit_GFX9writeLineEiiiij
 .text._ZN12Adafruit_GFX10startWriteEv
                0x0000000000005b4a        0x2 obj_osd-merkur-256/Adafruit_GFX.o
                0x0000000000005b4a                _ZN12Adafruit_GFX10startWriteEv
 .text._ZN12Adafruit_GFX10writePixelEiij
                0x0000000000005b4c        0xe obj_osd-merkur-256/Adafruit_GFX.o
                0x0000000000005b4c                _ZN12Adafruit_GFX10writePixelEiij
 .text._ZN12Adafruit_GFX14writeFastVLineEiiij
                0x0000000000005b5a       0x18 obj_osd-merkur-256/Adafruit_GFX.o
                0x0000000000005b5a                _ZN12Adafruit_GFX14writeFastVLineEiiij
 .text._ZN12Adafruit_GFX14writeFastHLineEiiij
                0x0000000000005b72       0x18 obj_osd-merkur-256/Adafruit_GFX.o
                0x0000000000005b72                _ZN12Adafruit_GFX14writeFastHLineEiiij
 .text._ZN12Adafruit_GFX13writeFillRectEiiiij
                0x0000000000005b8a       0x20 obj_osd-merkur-256/Adafruit_GFX.o
                0x0000000000005b8a                _ZN12Adafruit_GFX13writeFillRectEiiiij
 .text._ZN12Adafruit_GFX8endWriteEv
                0x0000000000005baa        0x2 obj_osd-merkur-256/Adafruit_GFX.o
                0x0000000000005baa                _ZN12Adafruit_GFX8endWriteEv
 .text._ZN12Adafruit_GFX13drawFastVLineEiiij
                0x0000000000005bac       0x8a obj_osd-merkur-256/Adafruit_GFX.o
                0x0000000000005bac                _ZN12Adafruit_GFX13drawFastVLineEiiij
 .text._ZN12Adafruit_GFX13drawFastHLineEiiij
                0x0000000000005c36       0x88 obj_osd-merkur-256/Adafruit_GFX.o
                0x0000000000005c36                _ZN12Adafruit_GFX13drawFastHLineEiiij
 .text._ZN12Adafruit_GFX8fillRectEiiiij
                0x0000000000005cbe       0xa2 obj_osd-merkur-256/Adafruit_GFX.o
                0x0000000000005cbe                _ZN12Adafruit_GFX8fillRectEiiiij
 .text._ZN12Adafruit_GFX10fillScreenEj
                0x0000000000005d60       0x3c obj_osd-merkur-256/Adafruit_GFX.o
                0x0000000000005d60                _ZN12Adafruit_GFX10fillScreenEj
 .text._ZN12Adafruit_GFX8drawLineEiiiij
                0x0000000000005d9c       0xec obj_osd-merkur-256/Adafruit_GFX.o
                0x0000000000005d9c                _ZN12Adafruit_GFX8drawLineEiiiij
 .text._ZN12Adafruit_GFX8drawRectEiiiij
                0x0000000000005e88       0xbe obj_osd-merkur-256/Adafruit_GFX.o
                0x0000000000005e88                _ZN12Adafruit_GFX8drawRectEiiiij
 .text._ZN12Adafruit_GFX13invertDisplayEh
                0x0000000000005f46        0x2 obj_osd-merkur-256/Adafruit_GFX.o
                0x0000000000005f46                _ZN12Adafruit_GFX13invertDisplayEh
 .text._ZN10GFXcanvas19drawPixelEiij
                0x0000000000005f48       0xe6 obj_osd-merkur-256/Adafruit_GFX.o
                0x0000000000005f48                _ZN10GFXcanvas19drawPixelEiij
 .text._ZN10GFXcanvas110fillScreenEj
                0x000000000000602e       0x4e obj_osd-merkur-256/Adafruit_GFX.o
                0x000000000000602e                _ZN10GFXcanvas110fillScreenEj
 .text._ZN12Adafruit_GFX11setRotationEh
                0x000000000000607c       0x2a obj_osd-merkur-256/Adafruit_GFX.o
                0x000000000000607c                _ZN12Adafruit_GFX11setRotationEh
 .text._ZN12Adafruit_GFXC2Eii
                0x00000000000060a6       0x42 obj_osd-merkur-256/Adafruit_GFX.o
                0x00000000000060a6                _ZN12Adafruit_GFXC1Eii
                0x00000000000060a6                _ZN12Adafruit_GFXC2Eii
 .text._ZN12Adafruit_GFX8drawCharEiihjjh
                0x00000000000060e8      0x42c obj_osd-merkur-256/Adafruit_GFX.o
                0x00000000000060e8                _ZN12Adafruit_GFX8drawCharEiihjjh
 .text._ZN12Adafruit_GFX5writeEh
                0x0000000000006514      0x1ac obj_osd-merkur-256/Adafruit_GFX.o
                0x0000000000006514                _ZN12Adafruit_GFX5writeEh
 .text._ZN12Adafruit_GFX9setCursorEii
                0x00000000000066c0        0xc obj_osd-merkur-256/Adafruit_GFX.o
                0x00000000000066c0                _ZN12Adafruit_GFX9setCursorEii
 .text._ZN12Adafruit_GFX12setTextColorEj
                0x00000000000066cc        0xc obj_osd-merkur-256/Adafruit_GFX.o
                0x00000000000066cc                _ZN12Adafruit_GFX12setTextColorEj
 .text._ZN12Adafruit_GFX7setFontEPK7GFXfont
                0x00000000000066d8       0x2c obj_osd-merkur-256/Adafruit_GFX.o
                0x00000000000066d8                _ZN12Adafruit_GFX7setFontEPK7GFXfont
 .text._ZN10GFXcanvas1C2Ejj
                0x0000000000006704       0x7a obj_osd-merkur-256/Adafruit_GFX.o
                0x0000000000006704                _ZN10GFXcanvas1C2Ejj
                0x0000000000006704                _ZN10GFXcanvas1C1Ejj
 .text._ZN10GFXcanvas1D2Ev
                0x000000000000677e       0x18 obj_osd-merkur-256/Adafruit_GFX.o
                0x000000000000677e                _ZN10GFXcanvas1D2Ev
                0x000000000000677e                _ZN10GFXcanvas1D1Ev
 .text._ZN10GFXcanvas19getBufferEv
                0x0000000000006796        0x8 obj_osd-merkur-256/Adafruit_GFX.o
                0x0000000000006796                _ZN10GFXcanvas19getBufferEv
 .text.res_get_handler
                0x000000000000679e      0x128 obj_osd-merkur-256/res-bmpatm.o
 .text.res_get_handler
                0x00000000000068c6      0x128 obj_osd-merkur-256/res-bmptemp.o
 .text.res_get_handler
                0x00000000000069ee      0x128 obj_osd-merkur-256/res-bmpalt.o
 .text.res_get_handler
                0x0000000000006b16      0x128 obj_osd-merkur-256/res-bmppress.o
 .text.res_get_handler
                0x0000000000006c3e      0x158 obj_osd-merkur-256/res-cputemp.o
 .text.res_get_handler
                0x0000000000006d96      0x158 obj_osd-merkur-256/res-battery.o
 .text.coap_set_service_callback
                0x0000000000006eee        0xa contiki-osd-merkur-256.a(er-coap-engine.)
                0x0000000000006eee                coap_set_service_callback
 .text.coap_get_rest_method
                0x0000000000006ef8       0x1a contiki-osd-merkur-256.a(er-coap-engine.)
                0x0000000000006ef8                coap_get_rest_method
 .text.process_thread_coap_engine
                0x0000000000006f12      0x51c contiki-osd-merkur-256.a(er-coap-engine.)
 .text.coap_init_engine
                0x000000000000742e        0xc contiki-osd-merkur-256.a(er-coap-engine.)
                0x000000000000742e                coap_init_engine
 .text.coap_register_as_transaction_handler
                0x000000000000743a       0x12 contiki-osd-merkur-256.a(er-coap-transac)
                0x000000000000743a                coap_register_as_transaction_handler
 .text.coap_new_transaction
                0x000000000000744c       0x5c contiki-osd-merkur-256.a(er-coap-transac)
                0x000000000000744c                coap_new_transaction
 .text.coap_clear_transaction
                0x00000000000074a8       0x2e contiki-osd-merkur-256.a(er-coap-transac)
                0x00000000000074a8                coap_clear_transaction
 .text.coap_send_transaction
                0x00000000000074d6      0x106 contiki-osd-merkur-256.a(er-coap-transac)
                0x00000000000074d6                coap_send_transaction
 .text.coap_get_transaction_by_mid
                0x00000000000075dc       0x34 contiki-osd-merkur-256.a(er-coap-transac)
                0x00000000000075dc                coap_get_transaction_by_mid
 .text.coap_check_transactions
                0x0000000000007610       0x38 contiki-osd-merkur-256.a(er-coap-transac)
                0x0000000000007610                coap_check_transactions
 .text.coap_remove_observer
                0x0000000000007648       0x1e contiki-osd-merkur-256.a(er-coap-observe)
                0x0000000000007648                coap_remove_observer
 .text.coap_remove_observer_by_client
                0x0000000000007666       0x68 contiki-osd-merkur-256.a(er-coap-observe)
                0x0000000000007666                coap_remove_observer_by_client
 .text.coap_remove_observer_by_token
                0x00000000000076ce       0x96 contiki-osd-merkur-256.a(er-coap-observe)
                0x00000000000076ce                coap_remove_observer_by_token
 .text.coap_remove_observer_by_uri
                0x0000000000007764       0x9c contiki-osd-merkur-256.a(er-coap-observe)
                0x0000000000007764                coap_remove_observer_by_uri
 .text.coap_remove_observer_by_mid
                0x0000000000007800       0x7c contiki-osd-merkur-256.a(er-coap-observe)
                0x0000000000007800                coap_remove_observer_by_mid
 .text.coap_notify_observers_sub
                0x000000000000787c      0x270 contiki-osd-merkur-256.a(er-coap-observe)
                0x000000000000787c                coap_notify_observers_sub
 .text.coap_notify_observers
                0x0000000000007aec        0x8 contiki-osd-merkur-256.a(er-coap-observe)
                0x0000000000007aec                coap_notify_observers
 .text.coap_observe_handler
                0x0000000000007af4      0x1b8 contiki-osd-merkur-256.a(er-coap-observe)
                0x0000000000007af4                coap_observe_handler
 .text.well_known_core_get_handler
                0x0000000000007cac      0x3d2 contiki-osd-merkur-256.a(er-coap-res-wel)
                0x0000000000007cac                well_known_core_get_handler
 .text.process_thread_rest_engine_process
                0x000000000000807e       0xe8 contiki-osd-merkur-256.a(rest-engine.o)
 .text.rest_invoke_restful_service
                0x0000000000008166      0x190 contiki-osd-merkur-256.a(rest-engine.o)
                0x0000000000008166                rest_invoke_restful_service
 .text.rest_init_engine
                0x00000000000082f6       0x3c contiki-osd-merkur-256.a(rest-engine.o)
                0x00000000000082f6                rest_init_engine
 .text.rest_activate_resource
                0x0000000000008332       0x8a contiki-osd-merkur-256.a(rest-engine.o)
                0x0000000000008332                rest_activate_resource
 .text.rest_get_resources
                0x00000000000083bc        0x6 contiki-osd-merkur-256.a(rest-engine.o)
                0x00000000000083bc                rest_get_resources
 .text.mcu_sleep_disable
                0x00000000000083c2        0xc contiki-osd-merkur-256.a(arduino-process)
                0x00000000000083c2                mcu_sleep_disable
 .text.mcu_sleep_init
                0x00000000000083ce        0xc contiki-osd-merkur-256.a(arduino-process)
                0x00000000000083ce                mcu_sleep_init
 .text.mcu_sleep_on
                0x00000000000083da       0x12 contiki-osd-merkur-256.a(arduino-process)
                0x00000000000083da                mcu_sleep_on
 .text.process_thread_arduino_sketch
                0x00000000000083ec       0xea contiki-osd-merkur-256.a(arduino-process)
 .text.mcu_sleep_set
                0x00000000000084d6        0x6 contiki-osd-merkur-256.a(arduino-process)
                0x00000000000084d6                mcu_sleep_set
 .text.loop_periodic_set
                0x00000000000084dc       0x12 contiki-osd-merkur-256.a(arduino-process)
                0x00000000000084dc                loop_periodic_set
 .text.part_count_get_handler
                0x00000000000084ee       0x3a contiki-osd-merkur-256.a(res_bootloader.)
 .text.part_size_get_handler
                0x0000000000008528       0x3a contiki-osd-merkur-256.a(res_bootloader.)
 .text.boot_default_get_handler
                0x0000000000008562       0x3a contiki-osd-merkur-256.a(res_bootloader.)
 .text.boot_next_get_handler
                0x000000000000859c       0x3a contiki-osd-merkur-256.a(res_bootloader.)
 .text.active_part_get_handler
                0x00000000000085d6       0x3a contiki-osd-merkur-256.a(res_bootloader.)
 .text.part_start_get_handler
                0x0000000000008610       0x3a contiki-osd-merkur-256.a(res_bootloader.)
 .text.part_ok_get_handler
                0x000000000000864a       0x3a contiki-osd-merkur-256.a(res_bootloader.)
 .text.part_count
                0x0000000000008684       0x50 contiki-osd-merkur-256.a(res_bootloader.)
 .text.part_size
                0x00000000000086d4       0x50 contiki-osd-merkur-256.a(res_bootloader.)
 .text.boot_default_put_handler
                0x0000000000008724       0x2e contiki-osd-merkur-256.a(res_bootloader.)
 .text.boot_next_put_handler
                0x0000000000008752       0x2e contiki-osd-merkur-256.a(res_bootloader.)
 .text.part_ok_put_handler
                0x0000000000008780       0x2e contiki-osd-merkur-256.a(res_bootloader.)
 .text.set_boot_default
                0x00000000000087ae       0x22 contiki-osd-merkur-256.a(res_bootloader.)
 .text.get_boot_default
                0x00000000000087d0       0x50 contiki-osd-merkur-256.a(res_bootloader.)
 .text.set_boot_next
                0x0000000000008820       0x22 contiki-osd-merkur-256.a(res_bootloader.)
 .text.get_boot_next
                0x0000000000008842       0x50 contiki-osd-merkur-256.a(res_bootloader.)
 .text.get_active_part
                0x0000000000008892       0x50 contiki-osd-merkur-256.a(res_bootloader.)
 .text.get_query_partition
                0x00000000000088e2       0x34 contiki-osd-merkur-256.a(res_bootloader.)
 .text.set_part_ok
                0x0000000000008916       0x64 contiki-osd-merkur-256.a(res_bootloader.)
 .text.get_part_start
                0x000000000000897a       0x88 contiki-osd-merkur-256.a(res_bootloader.)
 .text.get_part_ok
                0x0000000000008a02       0x88 contiki-osd-merkur-256.a(res_bootloader.)
 .text.process_thread_reboot_process
                0x0000000000008a8a       0x4c contiki-osd-merkur-256.a(res_reboot.o)
 .text.reboot_put_handler
                0x0000000000008ad6       0x2e contiki-osd-merkur-256.a(res_reboot.o)
 .text.reboot_get_handler
                0x0000000000008b04       0x3a contiki-osd-merkur-256.a(res_reboot.o)
 .text.get_reboot
                0x0000000000008b3e       0x2a contiki-osd-merkur-256.a(res_reboot.o)
 .text.do_reboot
                0x0000000000008b68       0x24 contiki-osd-merkur-256.a(res_reboot.o)
 .text.unlikely.bootloader_write_page_to_flash.constprop.0
                0x0000000000008b8c       0x18 contiki-osd-merkur-256.a(res_upload_imag)
 .text.res_put_handler
                0x0000000000008ba4      0x640 contiki-osd-merkur-256.a(res_upload_imag)
 .text.ipaddr_add
                0x00000000000091e4       0xc8 contiki-osd-merkur-256.a(contiki-main.o)
 .text.rng_get_uint8
                0x00000000000092ac       0x2c contiki-osd-merkur-256.a(contiki-main.o)
                0x00000000000092ac                rng_get_uint8
 .text.initialize
                0x00000000000092d8      0x248 contiki-osd-merkur-256.a(contiki-main.o)
                0x00000000000092d8                initialize
 .text.startup.main
                0x0000000000009520      0x24c contiki-osd-merkur-256.a(contiki-main.o)
                0x0000000000009520                main
 .text.params_get_eui64
                0x000000000000976c       0x26 contiki-osd-merkur-256.a(params.o)
                0x000000000000976c                params_get_eui64
 .text.process_thread_sensors_process
                0x0000000000009792      0x138 contiki-osd-merkur-256.a(sensors.o)
 .text.sensors_changed
                0x00000000000098ca       0x38 contiki-osd-merkur-256.a(sensors.o)
                0x00000000000098ca                sensors_changed
 .text.readInternalTemp
                0x0000000000009902       0x4e contiki-osd-merkur-256.a(adc.o)
                0x0000000000009902                readInternalTemp
 .text.value    0x0000000000009950        0xa contiki-osd-merkur-256.a(button-sensor.o)
 .text.status   0x000000000000995a       0x18 contiki-osd-merkur-256.a(button-sensor.o)
 .text.configure
                0x0000000000009972       0x5e contiki-osd-merkur-256.a(button-sensor.o)
 .text.__vector_5
                0x00000000000099d0       0xc4 contiki-osd-merkur-256.a(button-sensor.o)
                0x00000000000099d0                __vector_5
 .text.status   0x0000000000009a94        0x6 contiki-osd-merkur-256.a(battery-sensor.)
 .text.configure
                0x0000000000009a9a       0x1e contiki-osd-merkur-256.a(battery-sensor.)
 .text.value    0x0000000000009ab8       0x22 contiki-osd-merkur-256.a(battery-sensor.)
 .text.batmon_init
                0x0000000000009ada        0x4 contiki-osd-merkur-256.a(batmon.o)
                0x0000000000009ada                batmon_init
 .text.batmon_get_voltage
                0x0000000000009ade       0x92 contiki-osd-merkur-256.a(batmon.o)
                0x0000000000009ade                batmon_get_voltage
 .text.status   0x0000000000009b70       0x18 contiki-osd-merkur-256.a(pir-sensor.o)
 .text.value    0x0000000000009b88       0x22 contiki-osd-merkur-256.a(pir-sensor.o)
 .text.configure
                0x0000000000009baa       0x5e contiki-osd-merkur-256.a(pir-sensor.o)
 .text.__vector_7
                0x0000000000009c08       0x76 contiki-osd-merkur-256.a(pir-sensor.o)
                0x0000000000009c08                __vector_7
 .text.hwtimer_set_com.constprop.0
                0x0000000000009c7e       0x52 contiki-osd-merkur-256.a(wiring_digital.)
 .text.pinMode  0x0000000000009cd0       0x78 contiki-osd-merkur-256.a(wiring_digital.)
                0x0000000000009cd0                pinMode
 .text.digitalWrite
                0x0000000000009d48       0x80 contiki-osd-merkur-256.a(wiring_digital.)
                0x0000000000009d48                digitalWrite
 .text.digitalRead
                0x0000000000009dc8       0x72 contiki-osd-merkur-256.a(wiring_digital.)
                0x0000000000009dc8                digitalRead
 .text._ZN7TwoWire9availableEv
                0x0000000000009e3a       0x10 contiki-osd-merkur-256.a(Wire.o)
                0x0000000000009e3a                _ZN7TwoWire9availableEv
 .text._ZN7TwoWire4readEv
                0x0000000000009e4a       0x28 contiki-osd-merkur-256.a(Wire.o)
                0x0000000000009e4a                _ZN7TwoWire4readEv
 .text._ZN7TwoWire4peekEv
                0x0000000000009e72       0x1e contiki-osd-merkur-256.a(Wire.o)
                0x0000000000009e72                _ZN7TwoWire4peekEv
 .text._ZN7TwoWire5flushEv
                0x0000000000009e90        0x2 contiki-osd-merkur-256.a(Wire.o)
                0x0000000000009e90                _ZN7TwoWire5flushEv
 .text._ZN7TwoWire5writeEPKhj
                0x0000000000009e92       0x60 contiki-osd-merkur-256.a(Wire.o)
                0x0000000000009e92                _ZN7TwoWire5writeEPKhj
 .text._ZN7TwoWire5writeEh
                0x0000000000009ef2       0x5e contiki-osd-merkur-256.a(Wire.o)
                0x0000000000009ef2                _ZN7TwoWire5writeEh
 .text._ZN7TwoWireC2Ev
                0x0000000000009f50       0x20 contiki-osd-merkur-256.a(Wire.o)
                0x0000000000009f50                _ZN7TwoWireC2Ev
                0x0000000000009f50                _ZN7TwoWireC1Ev
 .text._ZN7TwoWire5beginEv
                0x0000000000009f70       0x14 contiki-osd-merkur-256.a(Wire.o)
                0x0000000000009f70                _ZN7TwoWire5beginEv
 .text._ZN7TwoWire17beginTransmissionEh
                0x0000000000009f84       0x14 contiki-osd-merkur-256.a(Wire.o)
                0x0000000000009f84                _ZN7TwoWire17beginTransmissionEh
 .text._ZN7TwoWire15endTransmissionEh
                0x0000000000009f98       0x26 contiki-osd-merkur-256.a(Wire.o)
                0x0000000000009f98                _ZN7TwoWire15endTransmissionEh
 .text._ZN7TwoWire11requestFromEhhmhh
                0x0000000000009fbe       0xa8 contiki-osd-merkur-256.a(Wire.o)
                0x0000000000009fbe                _ZN7TwoWire11requestFromEhhmhh
 .text._ZN7TwoWire11requestFromEhhh
                0x000000000000a066       0x20 contiki-osd-merkur-256.a(Wire.o)
                0x000000000000a066                _ZN7TwoWire11requestFromEhhh
 .text._ZN7TwoWire11requestFromEhh
                0x000000000000a086        0x6 contiki-osd-merkur-256.a(Wire.o)
                0x000000000000a086                _ZN7TwoWire11requestFromEhh
 .text._ZN7TwoWire15endTransmissionEv
                0x000000000000a08c        0x6 contiki-osd-merkur-256.a(Wire.o)
                0x000000000000a08c                _ZN7TwoWire15endTransmissionEv
 .text.startup._GLOBAL__sub_I__ZN7TwoWire8rxBufferE
                0x000000000000a092        0x8 contiki-osd-merkur-256.a(Wire.o)
 .text._ZN5Print5writeEPKhj
                0x000000000000a09a       0x56 contiki-osd-merkur-256.a(Print.o)
                0x000000000000a09a                _ZN5Print5writeEPKhj
 .text._ZN5Print5writeEPKc
                0x000000000000a0f0       0x2a contiki-osd-merkur-256.a(Print.o)
                0x000000000000a0f0                _ZN5Print5writeEPKc
 .text._ZN5Print5printEPK19__FlashStringHelper
                0x000000000000a11a       0x48 contiki-osd-merkur-256.a(Print.o)
                0x000000000000a11a                _ZN5Print5printEPK19__FlashStringHelper
 .text._ZN5Print5printEc
                0x000000000000a162        0xe contiki-osd-merkur-256.a(Print.o)
                0x000000000000a162                _ZN5Print5printEc
 .text._ZN5Print7printlnEv
                0x000000000000a170        0x8 contiki-osd-merkur-256.a(Print.o)
                0x000000000000a170                _ZN5Print7printlnEv
 .text._ZN5Print7printlnEPK19__FlashStringHelper
                0x000000000000a178       0x24 contiki-osd-merkur-256.a(Print.o)
                0x000000000000a178                _ZN5Print7printlnEPK19__FlashStringHelper
 .text._ZN5Print11printNumberEmh
                0x000000000000a19c       0xac contiki-osd-merkur-256.a(Print.o)
                0x000000000000a19c                _ZN5Print11printNumberEmh
 .text._ZN5Print5printEli
                0x000000000000a248       0x94 contiki-osd-merkur-256.a(Print.o)
                0x000000000000a248                _ZN5Print5printEli
 .text._ZN5Print10printFloatEdh
                0x000000000000a2dc      0x1ca contiki-osd-merkur-256.a(Print.o)
                0x000000000000a2dc                _ZN5Print10printFloatEdh
 .text._ZN5Print5printEdi
                0x000000000000a4a6        0x4 contiki-osd-merkur-256.a(Print.o)
                0x000000000000a4a6                _ZN5Print5printEdi
 .text._ZN8SPIClass5beginEv
                0x000000000000a4aa       0x6c contiki-osd-merkur-256.a(SPI.o)
                0x000000000000a4aa                _ZN8SPIClass5beginEv
 .text.clock_init
                0x000000000000a516       0x20 contiki-osd-merkur-256.a(clock.o)
                0x000000000000a516                clock_init
 .text.clock_time
                0x000000000000a536       0x34 contiki-osd-merkur-256.a(clock.o)
                0x000000000000a536                clock_time
 .text.clock_seconds
                0x000000000000a56a       0x34 contiki-osd-merkur-256.a(clock.o)
                0x000000000000a56a                clock_seconds
 .text.clock_delay_msec
                0x000000000000a59e       0x12 contiki-osd-merkur-256.a(clock.o)
                0x000000000000a59e                clock_delay_msec
 .text.clock_adjust_ticks
                0x000000000000a5b0       0xd4 contiki-osd-merkur-256.a(clock.o)
                0x000000000000a5b0                clock_adjust_ticks
 .text.__vector_21
                0x000000000000a684       0xc4 contiki-osd-merkur-256.a(clock.o)
                0x000000000000a684                __vector_21
 .text.__vector_25
                0x000000000000a748       0x5e contiki-osd-merkur-256.a(rs232.o)
                0x000000000000a748                __vector_25
 .text.rs232_init
                0x000000000000a7a6       0x20 contiki-osd-merkur-256.a(rs232.o)
                0x000000000000a7a6                rs232_init
 .text.rs232_send
                0x000000000000a7c6       0x12 contiki-osd-merkur-256.a(rs232.o)
                0x000000000000a7c6                rs232_send
 .text.rs232_stdout_putchar
                0x000000000000a7d8       0x2a contiki-osd-merkur-256.a(rs232.o)
                0x000000000000a7d8                rs232_stdout_putchar
 .text.rs232_set_input
                0x000000000000a802        0xe contiki-osd-merkur-256.a(rs232.o)
                0x000000000000a802                rs232_set_input
 .text.rs232_redirect_stdout
                0x000000000000a810       0x12 contiki-osd-merkur-256.a(rs232.o)
                0x000000000000a810                rs232_redirect_stdout
 .text.watchdog_init
                0x000000000000a822       0x1e contiki-osd-merkur-256.a(watchdog.o)
                0x000000000000a822                watchdog_init
 .text.watchdog_start
                0x000000000000a840       0x16 contiki-osd-merkur-256.a(watchdog.o)
                0x000000000000a840                watchdog_start
 .text.watchdog_periodic
                0x000000000000a856        0x4 contiki-osd-merkur-256.a(watchdog.o)
                0x000000000000a856                watchdog_periodic
 .text.watchdog_stop
                0x000000000000a85a       0x18 contiki-osd-merkur-256.a(watchdog.o)
                0x000000000000a85a                watchdog_stop
 .text.watchdog_reboot
                0x000000000000a872       0x18 contiki-osd-merkur-256.a(watchdog.o)
                0x000000000000a872                watchdog_reboot
 .text.random_init
                0x000000000000a88a        0x4 contiki-osd-merkur-256.a(random.o)
                0x000000000000a88a                random_init
 .text.random_rand
                0x000000000000a88e        0x4 contiki-osd-merkur-256.a(random.o)
                0x000000000000a88e                random_rand
 .text.set_object
                0x000000000000a892        0x6 contiki-osd-merkur-256.a(rf230bb.o)
 .text.rf230_pending_packet
                0x000000000000a898        0x8 contiki-osd-merkur-256.a(rf230bb.o)
 .text.radio_reset_state_machine
                0x000000000000a8a0       0x32 contiki-osd-merkur-256.a(rf230bb.o)
 .text.set_txpower
                0x000000000000a8d2       0x1e contiki-osd-merkur-256.a(rf230bb.o)
 .text.rf230_prepare
                0x000000000000a8f0       0x20 contiki-osd-merkur-256.a(rf230bb.o)
 .text.get_object
                0x000000000000a910       0x30 contiki-osd-merkur-256.a(rf230bb.o)
 .text.rf230_isidle
                0x000000000000a940       0x28 contiki-osd-merkur-256.a(rf230bb.o)
 .text.rf230_waitidle
                0x000000000000a968       0x12 contiki-osd-merkur-256.a(rf230bb.o)
 .text.radio_off
                0x000000000000a97a       0x28 contiki-osd-merkur-256.a(rf230bb.o)
 .text.rf230_off
                0x000000000000a9a2       0x16 contiki-osd-merkur-256.a(rf230bb.o)
 .text.rf230_receiving_packet
                0x000000000000a9b8       0x2a contiki-osd-merkur-256.a(rf230bb.o)
 .text.rf230_get_panid
                0x000000000000a9e2       0x14 contiki-osd-merkur-256.a(rf230bb.o)
                0x000000000000a9e2                rf230_get_panid
 .text.radio_get_trx_state
                0x000000000000a9f6        0xc contiki-osd-merkur-256.a(rf230bb.o)
                0x000000000000a9f6                radio_get_trx_state
 .text.radio_set_trx_state
                0x000000000000aa02       0xd2 contiki-osd-merkur-256.a(rf230bb.o)
 .text.radio_on
                0x000000000000aad4       0x40 contiki-osd-merkur-256.a(rf230bb.o)
 .text.rf230_on
                0x000000000000ab14       0x12 contiki-osd-merkur-256.a(rf230bb.o)
 .text.rf230_cca
                0x000000000000ab26       0x96 contiki-osd-merkur-256.a(rf230bb.o)
 .text.rf230_warm_reset
                0x000000000000abbc       0x54 contiki-osd-merkur-256.a(rf230bb.o)
                0x000000000000abbc                rf230_warm_reset
 .text.rf230_init
                0x000000000000ac10       0x74 contiki-osd-merkur-256.a(rf230bb.o)
                0x000000000000ac10                rf230_init
 .text.rf230_get_channel
                0x000000000000ac84        0x6 contiki-osd-merkur-256.a(rf230bb.o)
                0x000000000000ac84                rf230_get_channel
 .text.rf230_set_channel
                0x000000000000ac8a       0x2a contiki-osd-merkur-256.a(rf230bb.o)
                0x000000000000ac8a                rf230_set_channel
 .text.rf230_set_pan_addr
                0x000000000000acb4       0x48 contiki-osd-merkur-256.a(rf230bb.o)
                0x000000000000acb4                rf230_set_pan_addr
 .text.rf230_get_last_rx_packet_timestamp
                0x000000000000acfc       0x12 contiki-osd-merkur-256.a(rf230bb.o)
                0x000000000000acfc                rf230_get_last_rx_packet_timestamp
 .text.rf230_interrupt
                0x000000000000ad0e       0x14 contiki-osd-merkur-256.a(rf230bb.o)
                0x000000000000ad0e                rf230_interrupt
 .text.flushrx  0x000000000000ad22       0x26 contiki-osd-merkur-256.a(rf230bb.o)
 .text.rf230_read
                0x000000000000ad48       0x96 contiki-osd-merkur-256.a(rf230bb.o)
 .text.process_thread_rf230_process
                0x000000000000adde      0x13e contiki-osd-merkur-256.a(rf230bb.o)
 .text.rf230_set_txpower
                0x000000000000af1c       0x10 contiki-osd-merkur-256.a(rf230bb.o)
                0x000000000000af1c                rf230_set_txpower
 .text.set_value
                0x000000000000af2c      0x11c contiki-osd-merkur-256.a(rf230bb.o)
 .text.rf230_get_txpower
                0x000000000000b048       0x1a contiki-osd-merkur-256.a(rf230bb.o)
                0x000000000000b048                rf230_get_txpower
 .text.rf230_transmit
                0x000000000000b062       0xf6 contiki-osd-merkur-256.a(rf230bb.o)
 .text.rf230_send
                0x000000000000b158       0x1e contiki-osd-merkur-256.a(rf230bb.o)
 .text.rf230_get_raw_rssi
                0x000000000000b176       0x48 contiki-osd-merkur-256.a(rf230bb.o)
                0x000000000000b176                rf230_get_raw_rssi
 .text.get_value
                0x000000000000b1be       0xf2 contiki-osd-merkur-256.a(rf230bb.o)
 .text.hal_init
                0x000000000000b2b0        0x2 contiki-osd-merkur-256.a(halbb.o)
                0x000000000000b2b0                hal_init
 .text.hal_subregister_read
                0x000000000000b2b2       0x16 contiki-osd-merkur-256.a(halbb.o)
                0x000000000000b2b2                hal_subregister_read
 .text.hal_subregister_write
                0x000000000000b2c8       0x3a contiki-osd-merkur-256.a(halbb.o)
                0x000000000000b2c8                hal_subregister_write
 .text.hal_frame_read
                0x000000000000b302       0x54 contiki-osd-merkur-256.a(halbb.o)
                0x000000000000b302                hal_frame_read
 .text.hal_frame_write
                0x000000000000b356       0x1a contiki-osd-merkur-256.a(halbb.o)
                0x000000000000b356                hal_frame_write
 .text.__vector_60
                0x000000000000b370       0x72 contiki-osd-merkur-256.a(halbb.o)
                0x000000000000b370                __vector_60
 .text.__vector_59
                0x000000000000b3e2       0x50 contiki-osd-merkur-256.a(halbb.o)
                0x000000000000b3e2                __vector_59
 .text.__vector_57
                0x000000000000b432       0x14 contiki-osd-merkur-256.a(halbb.o)
                0x000000000000b432                __vector_57
 .text.__vector_58
                0x000000000000b446       0x14 contiki-osd-merkur-256.a(halbb.o)
                0x000000000000b446                __vector_58
 .text.__vector_64
                0x000000000000b45a       0x18 contiki-osd-merkur-256.a(halbb.o)
                0x000000000000b45a                __vector_64
 .text.__vector_63
                0x000000000000b472       0x18 contiki-osd-merkur-256.a(halbb.o)
                0x000000000000b472                __vector_63
 .text.__vector_62
                0x000000000000b48a       0x14 contiki-osd-merkur-256.a(halbb.o)
                0x000000000000b48a                __vector_62
 .text.__vector_61
                0x000000000000b49e       0x18 contiki-osd-merkur-256.a(halbb.o)
                0x000000000000b49e                __vector_61
 .text.autostart_start
                0x000000000000b4b6       0x1e contiki-osd-merkur-256.a(autostart.o)
                0x000000000000b4b6                autostart_start
 .text.process_thread_ctimer_process
                0x000000000000b4d4       0xcc contiki-osd-merkur-256.a(ctimer.o)
 .text.ctimer_init
                0x000000000000b5a0       0x18 contiki-osd-merkur-256.a(ctimer.o)
                0x000000000000b5a0                ctimer_init
 .text.ctimer_set_with_process
                0x000000000000b5b8       0x66 contiki-osd-merkur-256.a(ctimer.o)
                0x000000000000b5b8                ctimer_set_with_process
 .text.ctimer_set
                0x000000000000b61e       0x1e contiki-osd-merkur-256.a(ctimer.o)
                0x000000000000b61e                ctimer_set
 .text.ctimer_reset
                0x000000000000b63c       0x48 contiki-osd-merkur-256.a(ctimer.o)
                0x000000000000b63c                ctimer_reset
 .text.ctimer_restart
                0x000000000000b684       0x48 contiki-osd-merkur-256.a(ctimer.o)
                0x000000000000b684                ctimer_restart
 .text.ctimer_stop
                0x000000000000b6cc       0x2e contiki-osd-merkur-256.a(ctimer.o)
                0x000000000000b6cc                ctimer_stop
 .text.update_time
                0x000000000000b6fa       0xba contiki-osd-merkur-256.a(etimer.o)
 .text.etimer_request_poll
                0x000000000000b7b4        0x8 contiki-osd-merkur-256.a(etimer.o)
                0x000000000000b7b4                etimer_request_poll
 .text.process_thread_etimer_process
                0x000000000000b7bc      0x106 contiki-osd-merkur-256.a(etimer.o)
 .text.add_timer
                0x000000000000b8c2       0x5e contiki-osd-merkur-256.a(etimer.o)
 .text.etimer_set
                0x000000000000b920       0x14 contiki-osd-merkur-256.a(etimer.o)
                0x000000000000b920                etimer_set
 .text.etimer_reset_with_new_interval
                0x000000000000b934       0x46 contiki-osd-merkur-256.a(etimer.o)
                0x000000000000b934                etimer_reset_with_new_interval
 .text.etimer_reset
                0x000000000000b97a       0x14 contiki-osd-merkur-256.a(etimer.o)
                0x000000000000b97a                etimer_reset
 .text.etimer_restart
                0x000000000000b98e       0x14 contiki-osd-merkur-256.a(etimer.o)
                0x000000000000b98e                etimer_restart
 .text.etimer_expired
                0x000000000000b9a2       0x16 contiki-osd-merkur-256.a(etimer.o)
                0x000000000000b9a2                etimer_expired
 .text.etimer_expiration_time
                0x000000000000b9b8       0x2c contiki-osd-merkur-256.a(etimer.o)
                0x000000000000b9b8                etimer_expiration_time
 .text.etimer_pending
                0x000000000000b9e4       0x16 contiki-osd-merkur-256.a(etimer.o)
                0x000000000000b9e4                etimer_pending
 .text.etimer_stop
                0x000000000000b9fa       0x4e contiki-osd-merkur-256.a(etimer.o)
                0x000000000000b9fa                etimer_stop
 .text.call_process.part.0
                0x000000000000ba48       0x54 contiki-osd-merkur-256.a(process.o)
 .text.call_process
                0x000000000000ba9c        0xc contiki-osd-merkur-256.a(process.o)
 .text.exit_process
                0x000000000000baa8       0xd6 contiki-osd-merkur-256.a(process.o)
 .text.do_poll  0x000000000000bb7e       0x3e contiki-osd-merkur-256.a(process.o)
 .text.process_alloc_event
                0x000000000000bbbc        0xe contiki-osd-merkur-256.a(process.o)
                0x000000000000bbbc                process_alloc_event
 .text.process_init
                0x000000000000bbca       0x20 contiki-osd-merkur-256.a(process.o)
                0x000000000000bbca                process_init
 .text.process_run
                0x000000000000bbea       0xa8 contiki-osd-merkur-256.a(process.o)
                0x000000000000bbea                process_run
 .text.process_post
                0x000000000000bc92       0x3a contiki-osd-merkur-256.a(process.o)
                0x000000000000bc92                process_post
 .text.process_post_synch
                0x000000000000bccc       0x1e contiki-osd-merkur-256.a(process.o)
                0x000000000000bccc                process_post_synch
 .text.process_start
                0x000000000000bcea       0x42 contiki-osd-merkur-256.a(process.o)
                0x000000000000bcea                process_start
 .text.process_poll
                0x000000000000bd2c       0x18 contiki-osd-merkur-256.a(process.o)
                0x000000000000bd2c                process_poll
 .text.process_is_running
                0x000000000000bd44       0x14 contiki-osd-merkur-256.a(process.o)
                0x000000000000bd44                process_is_running
 .text.rtimer_init
                0x000000000000bd58        0x4 contiki-osd-merkur-256.a(rtimer.o)
                0x000000000000bd58                rtimer_init
 .text.rtimer_set
                0x000000000000bd5c       0x36 contiki-osd-merkur-256.a(rtimer.o)
                0x000000000000bd5c                rtimer_set
 .text.rtimer_run_next
                0x000000000000bd92       0x3e contiki-osd-merkur-256.a(rtimer.o)
                0x000000000000bd92                rtimer_run_next
 .text.timer_set
                0x000000000000bdd0       0x20 contiki-osd-merkur-256.a(timer.o)
                0x000000000000bdd0                timer_set
 .text.timer_reset
                0x000000000000bdf0       0x24 contiki-osd-merkur-256.a(timer.o)
                0x000000000000bdf0                timer_reset
 .text.timer_restart
                0x000000000000be14       0x18 contiki-osd-merkur-256.a(timer.o)
                0x000000000000be14                timer_restart
 .text.timer_expired
                0x000000000000be2c       0x56 contiki-osd-merkur-256.a(timer.o)
                0x000000000000be2c                timer_expired
 .text.process_thread_serial_line_process
                0x000000000000be82       0xcc contiki-osd-merkur-256.a(serial-line.o)
 .text.serial_line_input_byte
                0x000000000000bf4e       0x4a contiki-osd-merkur-256.a(serial-line.o)
                0x000000000000bf4e                serial_line_input_byte
 .text.serial_line_init
                0x000000000000bf98       0x1a contiki-osd-merkur-256.a(serial-line.o)
                0x000000000000bf98                serial_line_init
 .text.list_init
                0x000000000000bfb2        0x8 contiki-osd-merkur-256.a(list.o)
                0x000000000000bfb2                list_init
 .text.list_head
                0x000000000000bfba        0x8 contiki-osd-merkur-256.a(list.o)
                0x000000000000bfba                list_head
 .text.list_tail
                0x000000000000bfc2       0x20 contiki-osd-merkur-256.a(list.o)
                0x000000000000bfc2                list_tail
 .text.list_remove
                0x000000000000bfe2       0x3e contiki-osd-merkur-256.a(list.o)
                0x000000000000bfe2                list_remove
 .text.list_add
                0x000000000000c020       0x32 contiki-osd-merkur-256.a(list.o)
                0x000000000000c020                list_add
 .text.list_push
                0x000000000000c052       0x28 contiki-osd-merkur-256.a(list.o)
                0x000000000000c052                list_push
 .text.list_length
                0x000000000000c07a       0x1a contiki-osd-merkur-256.a(list.o)
                0x000000000000c07a                list_length
 .text.list_item_next
                0x000000000000c094       0x12 contiki-osd-merkur-256.a(list.o)
                0x000000000000c094                list_item_next
 .text.memb_init
                0x000000000000c0a6       0x3c contiki-osd-merkur-256.a(memb.o)
                0x000000000000c0a6                memb_init
 .text.memb_alloc
                0x000000000000c0e2       0x4a contiki-osd-merkur-256.a(memb.o)
                0x000000000000c0e2                memb_alloc
 .text.memb_free
                0x000000000000c12c       0x4c contiki-osd-merkur-256.a(memb.o)
                0x000000000000c12c                memb_free
 .text.memb_inmemb
                0x000000000000c178       0x3a contiki-osd-merkur-256.a(memb.o)
                0x000000000000c178                memb_inmemb
 .text.memb_numfree
                0x000000000000c1b2       0x34 contiki-osd-merkur-256.a(memb.o)
                0x000000000000c1b2                memb_numfree
 .text.ringbuf_init
                0x000000000000c1e6       0x10 contiki-osd-merkur-256.a(ringbuf.o)
                0x000000000000c1e6                ringbuf_init
 .text.ringbuf_put
                0x000000000000c1f6       0x40 contiki-osd-merkur-256.a(ringbuf.o)
                0x000000000000c1f6                ringbuf_put
 .text.ringbuf_get
                0x000000000000c236       0x3a contiki-osd-merkur-256.a(ringbuf.o)
                0x000000000000c236                ringbuf_get
 .text.uip_ds6_list_loop
                0x000000000000c270       0x96 contiki-osd-merkur-256.a(uip-ds6.o)
                0x000000000000c270                uip_ds6_list_loop
 .text.uip_ds6_prefix_add
                0x000000000000c306       0xb6 contiki-osd-merkur-256.a(uip-ds6.o)
                0x000000000000c306                uip_ds6_prefix_add
 .text.uip_ds6_is_addr_onlink
                0x000000000000c3bc       0x60 contiki-osd-merkur-256.a(uip-ds6.o)
                0x000000000000c3bc                uip_ds6_is_addr_onlink
 .text.uip_ds6_addr_lookup
                0x000000000000c41c       0x3a contiki-osd-merkur-256.a(uip-ds6.o)
                0x000000000000c41c                uip_ds6_addr_lookup
 .text.uip_ds6_get_link_local
                0x000000000000c456       0x58 contiki-osd-merkur-256.a(uip-ds6.o)
                0x000000000000c456                uip_ds6_get_link_local
 .text.uip_ds6_maddr_add
                0x000000000000c4ae       0x64 contiki-osd-merkur-256.a(uip-ds6.o)
                0x000000000000c4ae                uip_ds6_maddr_add
 .text.uip_ds6_addr_add
                0x000000000000c512      0x104 contiki-osd-merkur-256.a(uip-ds6.o)
                0x000000000000c512                uip_ds6_addr_add
 .text.uip_ds6_maddr_rm
                0x000000000000c616        0xa contiki-osd-merkur-256.a(uip-ds6.o)
                0x000000000000c616                uip_ds6_maddr_rm
 .text.uip_ds6_maddr_lookup
                0x000000000000c620       0x3a contiki-osd-merkur-256.a(uip-ds6.o)
                0x000000000000c620                uip_ds6_maddr_lookup
 .text.uip_ds6_addr_rm
                0x000000000000c65a       0x76 contiki-osd-merkur-256.a(uip-ds6.o)
                0x000000000000c65a                uip_ds6_addr_rm
 .text.uip_ds6_periodic
                0x000000000000c6d0       0x58 contiki-osd-merkur-256.a(uip-ds6.o)
                0x000000000000c6d0                uip_ds6_periodic
 .text.uip_ds6_set_addr_iid
                0x000000000000c728       0x1c contiki-osd-merkur-256.a(uip-ds6.o)
                0x000000000000c728                uip_ds6_set_addr_iid
 .text.get_match_length
                0x000000000000c744       0x32 contiki-osd-merkur-256.a(uip-ds6.o)
                0x000000000000c744                get_match_length
 .text.uip_ds6_select_src
                0x000000000000c776       0xda contiki-osd-merkur-256.a(uip-ds6.o)
                0x000000000000c776                uip_ds6_select_src
 .text.uip_ds6_compute_reachable_time
                0x000000000000c850       0x58 contiki-osd-merkur-256.a(uip-ds6.o)
                0x000000000000c850                uip_ds6_compute_reachable_time
 .text.uip_ds6_init
                0x000000000000c8a8      0x150 contiki-osd-merkur-256.a(uip-ds6.o)
                0x000000000000c8a8                uip_ds6_init
 .text.call_route_callback
                0x000000000000c9f8       0x64 contiki-osd-merkur-256.a(uip-ds6-route.o)
 .text.uip_ds6_route_init
                0x000000000000ca5c       0x38 contiki-osd-merkur-256.a(uip-ds6-route.o)
                0x000000000000ca5c                uip_ds6_route_init
 .text.uip_ds6_route_nexthop
                0x000000000000ca94       0x20 contiki-osd-merkur-256.a(uip-ds6-route.o)
                0x000000000000ca94                uip_ds6_route_nexthop
 .text.uip_ds6_route_head
                0x000000000000cab4        0x8 contiki-osd-merkur-256.a(uip-ds6-route.o)
                0x000000000000cab4                uip_ds6_route_head
 .text.uip_ds6_route_next
                0x000000000000cabc        0xe contiki-osd-merkur-256.a(uip-ds6-route.o)
                0x000000000000cabc                uip_ds6_route_next
 .text.uip_ds6_route_is_nexthop
                0x000000000000caca       0x2c contiki-osd-merkur-256.a(uip-ds6-route.o)
                0x000000000000caca                uip_ds6_route_is_nexthop
 .text.uip_ds6_route_lookup
                0x000000000000caf6       0x94 contiki-osd-merkur-256.a(uip-ds6-route.o)
                0x000000000000caf6                uip_ds6_route_lookup
 .text.uip_ds6_route_rm
                0x000000000000cb8a       0xd4 contiki-osd-merkur-256.a(uip-ds6-route.o)
                0x000000000000cb8a                uip_ds6_route_rm
 .text.rm_routelist
                0x000000000000cc5e       0x44 contiki-osd-merkur-256.a(uip-ds6-route.o)
 .text.rm_routelist_callback
                0x000000000000cca2        0x4 contiki-osd-merkur-256.a(uip-ds6-route.o)
 .text.uip_ds6_route_add
                0x000000000000cca6      0x158 contiki-osd-merkur-256.a(uip-ds6-route.o)
                0x000000000000cca6                uip_ds6_route_add
 .text.uip_ds6_defrt_rm
                0x000000000000cdfe       0x5c contiki-osd-merkur-256.a(uip-ds6-route.o)
                0x000000000000cdfe                uip_ds6_defrt_rm
 .text.uip_ds6_defrt_lookup
                0x000000000000ce5a       0x44 contiki-osd-merkur-256.a(uip-ds6-route.o)
                0x000000000000ce5a                uip_ds6_defrt_lookup
 .text.uip_ds6_defrt_add
                0x000000000000ce9e       0x8c contiki-osd-merkur-256.a(uip-ds6-route.o)
                0x000000000000ce9e                uip_ds6_defrt_add
 .text.uip_ds6_defrt_choose
                0x000000000000cf2a       0x48 contiki-osd-merkur-256.a(uip-ds6-route.o)
                0x000000000000cf2a                uip_ds6_defrt_choose
 .text.uip_ds6_defrt_periodic
                0x000000000000cf72       0x3a contiki-osd-merkur-256.a(uip-ds6-route.o)
                0x000000000000cf72                uip_ds6_defrt_periodic
 .text.chksum   0x000000000000cfac       0x4a contiki-osd-merkur-256.a(uip6.o)
 .text.upper_layer_chksum
                0x000000000000cff6       0x74 contiki-osd-merkur-256.a(uip6.o)
 .text.ext_hdr_options_process
                0x000000000000d06a       0xdc contiki-osd-merkur-256.a(uip6.o)
 .text.uip_add32
                0x000000000000d146       0x6c contiki-osd-merkur-256.a(uip6.o)
                0x000000000000d146                uip_add32
 .text.unlikely.uip_add_rcv_nxt
                0x000000000000d1b2       0x3a contiki-osd-merkur-256.a(uip6.o)
 .text.uip_icmp6chksum
                0x000000000000d1ec        0x6 contiki-osd-merkur-256.a(uip6.o)
                0x000000000000d1ec                uip_icmp6chksum
 .text.uip_tcpchksum
                0x000000000000d1f2        0x6 contiki-osd-merkur-256.a(uip6.o)
                0x000000000000d1f2                uip_tcpchksum
 .text.uip_udpchksum
                0x000000000000d1f8        0x6 contiki-osd-merkur-256.a(uip6.o)
                0x000000000000d1f8                uip_udpchksum
 .text.uip_init
                0x000000000000d1fe       0x5a contiki-osd-merkur-256.a(uip6.o)
                0x000000000000d1fe                uip_init
 .text.remove_ext_hdr
                0x000000000000d258       0x68 contiki-osd-merkur-256.a(uip6.o)
                0x000000000000d258                remove_ext_hdr
 .text.uip_udp_new
                0x000000000000d2c0       0xc0 contiki-osd-merkur-256.a(uip6.o)
                0x000000000000d2c0                uip_udp_new
 .text.uip_unlisten
                0x000000000000d380       0x2e contiki-osd-merkur-256.a(uip6.o)
                0x000000000000d380                uip_unlisten
 .text.uip_process
                0x000000000000d3ae     0x105a contiki-osd-merkur-256.a(uip6.o)
                0x000000000000d3ae                uip_process
 .text.uip_htonl
                0x000000000000e408        0x6 contiki-osd-merkur-256.a(uip6.o)
                0x000000000000e408                uip_htonl
 .text.uip_ds6_nbr_rm
                0x000000000000e40e       0x32 contiki-osd-merkur-256.a(uip-ds6-nbr.o)
                0x000000000000e40e                uip_ds6_nbr_rm
 .text.uip_ds6_neighbors_init
                0x000000000000e440       0x14 contiki-osd-merkur-256.a(uip-ds6-nbr.o)
                0x000000000000e440                uip_ds6_neighbors_init
 .text.uip_ds6_nbr_add
                0x000000000000e454       0x60 contiki-osd-merkur-256.a(uip-ds6-nbr.o)
                0x000000000000e454                uip_ds6_nbr_add
 .text.uip_ds6_nbr_get_ll
                0x000000000000e4b4        0xe contiki-osd-merkur-256.a(uip-ds6-nbr.o)
                0x000000000000e4b4                uip_ds6_nbr_get_ll
 .text.uip_ds6_nbr_lookup
                0x000000000000e4c2       0x56 contiki-osd-merkur-256.a(uip-ds6-nbr.o)
                0x000000000000e4c2                uip_ds6_nbr_lookup
 .text.uip_ds6_nbr_ll_lookup
                0x000000000000e518        0xe contiki-osd-merkur-256.a(uip-ds6-nbr.o)
                0x000000000000e518                uip_ds6_nbr_ll_lookup
 .text.uip_ds6_nbr_ipaddr_from_lladdr
                0x000000000000e526        0x4 contiki-osd-merkur-256.a(uip-ds6-nbr.o)
                0x000000000000e526                uip_ds6_nbr_ipaddr_from_lladdr
 .text.uip_ds6_nbr_lladdr_from_ipaddr
                0x000000000000e52a       0x12 contiki-osd-merkur-256.a(uip-ds6-nbr.o)
                0x000000000000e52a                uip_ds6_nbr_lladdr_from_ipaddr
 .text.uip_ds6_link_neighbor_callback
                0x000000000000e53c       0x52 contiki-osd-merkur-256.a(uip-ds6-nbr.o)
                0x000000000000e53c                uip_ds6_link_neighbor_callback
 .text.ns_input
                0x000000000000e58e      0x3aa contiki-osd-merkur-256.a(uip-nd6.o)
 .text.uip_nd6_init
                0x000000000000e938        0x8 contiki-osd-merkur-256.a(uip-nd6.o)
                0x000000000000e938                uip_nd6_init
 .text.clear_fragments
                0x000000000000e940       0x3c contiki-osd-merkur-256.a(sicslowpan.o)
 .text.sicslowpan_init
                0x000000000000e97c       0x1a contiki-osd-merkur-256.a(sicslowpan.o)
                0x000000000000e97c                sicslowpan_init
 .text.compress_addr_64
                0x000000000000e996       0xcc contiki-osd-merkur-256.a(sicslowpan.o)
 .text.set_packet_attrs
                0x000000000000ea62       0x52 contiki-osd-merkur-256.a(sicslowpan.o)
 .text.addr_context_lookup_by_prefix
                0x000000000000eab4       0x26 contiki-osd-merkur-256.a(sicslowpan.o)
 .text.send_packet
                0x000000000000eada       0x1e contiki-osd-merkur-256.a(sicslowpan.o)
 .text.output   0x000000000000eaf8      0x826 contiki-osd-merkur-256.a(sicslowpan.o)
 .text.packet_sent
                0x000000000000f31e       0x32 contiki-osd-merkur-256.a(sicslowpan.o)
 .text.store_fragment
                0x000000000000f350       0x86 contiki-osd-merkur-256.a(sicslowpan.o)
 .text.uncompress_addr
                0x000000000000f3d6       0xee contiki-osd-merkur-256.a(sicslowpan.o)
 .text.add_fragment
                0x000000000000f4c4      0x188 contiki-osd-merkur-256.a(sicslowpan.o)
 .text.input    0x000000000000f64c      0x726 contiki-osd-merkur-256.a(sicslowpan.o)
 .text.uip_packetqueue_new
                0x000000000000fd72        0x8 contiki-osd-merkur-256.a(uip-packetqueue)
                0x000000000000fd72                uip_packetqueue_new
 .text.uip_packetqueue_free
                0x000000000000fd7a       0x32 contiki-osd-merkur-256.a(uip-packetqueue)
                0x000000000000fd7a                uip_packetqueue_free
 .text.uip_packetqueue_buf
                0x000000000000fdac       0x14 contiki-osd-merkur-256.a(uip-packetqueue)
                0x000000000000fdac                uip_packetqueue_buf
 .text.uip_packetqueue_buflen
                0x000000000000fdc0       0x1c contiki-osd-merkur-256.a(uip-packetqueue)
                0x000000000000fdc0                uip_packetqueue_buflen
 .text.start_periodic_tcp_timer
                0x000000000000fddc       0x16 contiki-osd-merkur-256.a(tcpip.o)
 .text.tcpip_output
                0x000000000000fdf2       0x12 contiki-osd-merkur-256.a(tcpip.o)
                0x000000000000fdf2                tcpip_output
 .text.tcpip_set_outputfunc
                0x000000000000fe04        0xa contiki-osd-merkur-256.a(tcpip.o)
                0x000000000000fe04                tcpip_set_outputfunc
 .text.udp_new  0x000000000000fe0e       0x26 contiki-osd-merkur-256.a(tcpip.o)
                0x000000000000fe0e                udp_new
 .text.tcpip_icmp6_call
                0x000000000000fe34       0x2e contiki-osd-merkur-256.a(tcpip.o)
                0x000000000000fe34                tcpip_icmp6_call
 .text.tcpip_input
                0x000000000000fe62       0x1c contiki-osd-merkur-256.a(tcpip.o)
                0x000000000000fe62                tcpip_input
 .text.tcpip_ipv6_output
                0x000000000000fe7e      0x178 contiki-osd-merkur-256.a(tcpip.o)
                0x000000000000fe7e                tcpip_ipv6_output
 .text.process_thread_tcpip_process
                0x000000000000fff6      0x224 contiki-osd-merkur-256.a(tcpip.o)
 .text.tcpip_uipcall
                0x000000000001021a       0x78 contiki-osd-merkur-256.a(tcpip.o)
                0x000000000001021a                tcpip_uipcall
 .text.uip_split_output
                0x0000000000010292       0xf4 contiki-osd-merkur-256.a(uip-split.o)
                0x0000000000010292                uip_split_output
 .text.uip_debug_ipaddr_print
                0x0000000000010386      0x154 contiki-osd-merkur-256.a(uip-debug.o)
                0x0000000000010386                uip_debug_ipaddr_print
 .text.lollipop_greater_than
                0x00000000000104da       0x54 contiki-osd-merkur-256.a(rpl-dag.o)
 .text.rpl_set_preferred_parent
                0x000000000001052e       0x44 contiki-osd-merkur-256.a(rpl-dag.o)
 .text.set_ip_from_prefix
                0x0000000000010572       0x38 contiki-osd-merkur-256.a(rpl-dag.o)
 .text.check_prefix
                0x00000000000105aa       0xb4 contiki-osd-merkur-256.a(rpl-dag.o)
 .text.find_parent_any_dag_any_instance
                0x000000000001065e       0x16 contiki-osd-merkur-256.a(rpl-dag.o)
 .text.rpl_dag_init
                0x0000000000010674       0x10 contiki-osd-merkur-256.a(rpl-dag.o)
                0x0000000000010674                rpl_dag_init
 .text.rpl_get_parent
                0x0000000000010684        0xe contiki-osd-merkur-256.a(rpl-dag.o)
                0x0000000000010684                rpl_get_parent
 .text.rpl_rank_via_parent
                0x0000000000010692       0x34 contiki-osd-merkur-256.a(rpl-dag.o)
                0x0000000000010692                rpl_rank_via_parent
 .text.rpl_get_parent_lladdr
                0x00000000000106c6        0xe contiki-osd-merkur-256.a(rpl-dag.o)
                0x00000000000106c6                rpl_get_parent_lladdr
 .text.rpl_get_parent_ipaddr
                0x00000000000106d4        0x8 contiki-osd-merkur-256.a(rpl-dag.o)
                0x00000000000106d4                rpl_get_parent_ipaddr
 .text.rpl_get_parent_link_stats
                0x00000000000106dc        0x8 contiki-osd-merkur-256.a(rpl-dag.o)
                0x00000000000106dc                rpl_get_parent_link_stats
 .text.rpl_parent_is_fresh
                0x00000000000106e4        0x8 contiki-osd-merkur-256.a(rpl-dag.o)
                0x00000000000106e4                rpl_parent_is_fresh
 .text.best_parent
                0x00000000000106ec       0xdc contiki-osd-merkur-256.a(rpl-dag.o)
 .text.rpl_parent_is_reachable
                0x00000000000107c8       0x66 contiki-osd-merkur-256.a(rpl-dag.o)
                0x00000000000107c8                rpl_parent_is_reachable
 .text.rpl_set_prefix
                0x000000000001082e       0xb4 contiki-osd-merkur-256.a(rpl-dag.o)
                0x000000000001082e                rpl_set_prefix
 .text.rpl_set_default_route
                0x00000000000108e2       0x54 contiki-osd-merkur-256.a(rpl-dag.o)
                0x00000000000108e2                rpl_set_default_route
 .text.rpl_alloc_instance
                0x0000000000010936       0x32 contiki-osd-merkur-256.a(rpl-dag.o)
                0x0000000000010936                rpl_alloc_instance
 .text.rpl_add_parent
                0x0000000000010968       0x6e contiki-osd-merkur-256.a(rpl-dag.o)
                0x0000000000010968                rpl_add_parent
 .text.rpl_find_parent
                0x00000000000109d6       0x2a contiki-osd-merkur-256.a(rpl-dag.o)
                0x00000000000109d6                rpl_find_parent
 .text.rpl_find_parent_any_dag
                0x0000000000010a00       0x36 contiki-osd-merkur-256.a(rpl-dag.o)
                0x0000000000010a00                rpl_find_parent_any_dag
 .text.rpl_select_parent
                0x0000000000010a36       0x78 contiki-osd-merkur-256.a(rpl-dag.o)
                0x0000000000010a36                rpl_select_parent
 .text.rpl_select_dag
                0x0000000000010aae      0x25e contiki-osd-merkur-256.a(rpl-dag.o)
                0x0000000000010aae                rpl_select_dag
 .text.rpl_nullify_parent
                0x0000000000010d0c       0x90 contiki-osd-merkur-256.a(rpl-dag.o)
                0x0000000000010d0c                rpl_nullify_parent
 .text.rpl_remove_parent
                0x0000000000010d9c       0x1c contiki-osd-merkur-256.a(rpl-dag.o)
                0x0000000000010d9c                rpl_remove_parent
 .text.nbr_callback
                0x0000000000010db8        0x4 contiki-osd-merkur-256.a(rpl-dag.o)
 .text.remove_parents.constprop.6
                0x0000000000010dbc       0x46 contiki-osd-merkur-256.a(rpl-dag.o)
 .text.rpl_free_dag
                0x0000000000010e02       0x48 contiki-osd-merkur-256.a(rpl-dag.o)
                0x0000000000010e02                rpl_free_dag
 .text.rpl_move_parent
                0x0000000000010e4a       0x92 contiki-osd-merkur-256.a(rpl-dag.o)
                0x0000000000010e4a                rpl_move_parent
 .text.rpl_get_dag
                0x0000000000010edc       0x62 contiki-osd-merkur-256.a(rpl-dag.o)
                0x0000000000010edc                rpl_get_dag
 .text.rpl_get_any_dag
                0x0000000000010f3e       0x1e contiki-osd-merkur-256.a(rpl-dag.o)
                0x0000000000010f3e                rpl_get_any_dag
 .text.rpl_get_instance
                0x0000000000010f5c       0x1c contiki-osd-merkur-256.a(rpl-dag.o)
                0x0000000000010f5c                rpl_get_instance
 .text.rpl_repair_root
                0x0000000000010f78       0x52 contiki-osd-merkur-256.a(rpl-dag.o)
                0x0000000000010f78                rpl_repair_root
 .text.rpl_alloc_dag
                0x0000000000010fca       0x60 contiki-osd-merkur-256.a(rpl-dag.o)
                0x0000000000010fca                rpl_alloc_dag
 .text.rpl_find_of
                0x000000000001102a       0x1a contiki-osd-merkur-256.a(rpl-dag.o)
                0x000000000001102a                rpl_find_of
 .text.rpl_join_instance
                0x0000000000011044      0x20c contiki-osd-merkur-256.a(rpl-dag.o)
                0x0000000000011044                rpl_join_instance
 .text.rpl_local_repair
                0x0000000000011250       0xce contiki-osd-merkur-256.a(rpl-dag.o)
                0x0000000000011250                rpl_local_repair
 .text.rpl_process_parent_event
                0x000000000001131e      0x114 contiki-osd-merkur-256.a(rpl-dag.o)
                0x000000000001131e                rpl_process_parent_event
 .text.rpl_add_dag
                0x0000000000011432      0x170 contiki-osd-merkur-256.a(rpl-dag.o)
                0x0000000000011432                rpl_add_dag
 .text.rpl_recalculate_ranks
                0x00000000000115a2       0x50 contiki-osd-merkur-256.a(rpl-dag.o)
                0x00000000000115a2                rpl_recalculate_ranks
 .text.rpl_process_dio
                0x00000000000115f2      0x488 contiki-osd-merkur-256.a(rpl-dag.o)
                0x00000000000115f2                rpl_process_dio
 .text.handle_periodic_timer
                0x0000000000011a7a       0x6a contiki-osd-merkur-256.a(rpl-timers.o)
 .text.set_dao_lifetime_timer
                0x0000000000011ae4       0x8c contiki-osd-merkur-256.a(rpl-timers.o)
 .text.handle_unicast_dio_timer
                0x0000000000011b70       0x2a contiki-osd-merkur-256.a(rpl-timers.o)
 .text.schedule_dao
                0x0000000000011b9a       0xa4 contiki-osd-merkur-256.a(rpl-timers.o)
 .text.handle_dao_timer
                0x0000000000011c3e       0x78 contiki-osd-merkur-256.a(rpl-timers.o)
 .text.rpl_reset_periodic_timer
                0x0000000000011cb6       0x48 contiki-osd-merkur-256.a(rpl-timers.o)
                0x0000000000011cb6                rpl_reset_periodic_timer
 .text.rpl_reset_dio_timer
                0x0000000000011cfe        0x2 contiki-osd-merkur-256.a(rpl-timers.o)
                0x0000000000011cfe                rpl_reset_dio_timer
 .text.rpl_schedule_dao
                0x0000000000011d00        0xc contiki-osd-merkur-256.a(rpl-timers.o)
                0x0000000000011d00                rpl_schedule_dao
 .text.rpl_schedule_unicast_dio_immediately
                0x0000000000011d0c       0x1e contiki-osd-merkur-256.a(rpl-timers.o)
                0x0000000000011d0c                rpl_schedule_unicast_dio_immediately
 .text.get_probing_delay
                0x0000000000011d2a       0x42 contiki-osd-merkur-256.a(rpl-timers.o)
                0x0000000000011d2a                get_probing_delay
 .text.get_probing_target
                0x0000000000011d6c      0x176 contiki-osd-merkur-256.a(rpl-timers.o)
                0x0000000000011d6c                get_probing_target
 .text.rpl_schedule_probing
                0x0000000000011ee2       0x30 contiki-osd-merkur-256.a(rpl-timers.o)
                0x0000000000011ee2                rpl_schedule_probing
 .text.handle_probing_timer
                0x0000000000011f12       0x4c contiki-osd-merkur-256.a(rpl-timers.o)
 .text.update_hbh_header
                0x0000000000011f5e       0xf6 contiki-osd-merkur-256.a(rpl-ext-header.)
 .text.insert_hbh_header
                0x0000000000012054       0xce contiki-osd-merkur-256.a(rpl-ext-header.)
 .text.rpl_verify_hbh_header
                0x0000000000012122      0x144 contiki-osd-merkur-256.a(rpl-ext-header.)
                0x0000000000012122                rpl_verify_hbh_header
 .text.rpl_remove_header
                0x0000000000012266       0x8e contiki-osd-merkur-256.a(rpl-ext-header.)
                0x0000000000012266                rpl_remove_header
 .text.rpl_update_header
                0x00000000000122f4       0x80 contiki-osd-merkur-256.a(rpl-ext-header.)
                0x00000000000122f4                rpl_update_header
 .text.rpl_get_mode
                0x0000000000012374        0xa contiki-osd-merkur-256.a(rpl.o)
                0x0000000000012374                rpl_get_mode
 .text.rpl_purge_routes
                0x000000000001237e       0xd2 contiki-osd-merkur-256.a(rpl.o)
                0x000000000001237e                rpl_purge_routes
 .text.rpl_remove_routes
                0x0000000000012450       0x2c contiki-osd-merkur-256.a(rpl.o)
                0x0000000000012450                rpl_remove_routes
 .text.rpl_remove_routes_by_nexthop
                0x000000000001247c       0x56 contiki-osd-merkur-256.a(rpl.o)
                0x000000000001247c                rpl_remove_routes_by_nexthop
 .text.rpl_add_route
                0x00000000000124d2       0x5e contiki-osd-merkur-256.a(rpl.o)
                0x00000000000124d2                rpl_add_route
 .text.rpl_link_neighbor_callback
                0x0000000000012530       0x76 contiki-osd-merkur-256.a(rpl.o)
                0x0000000000012530                rpl_link_neighbor_callback
 .text.rpl_ipv6_neighbor_callback
                0x00000000000125a6       0x28 contiki-osd-merkur-256.a(rpl.o)
                0x00000000000125a6                rpl_ipv6_neighbor_callback
 .text.rpl_purge_dags
                0x00000000000125ce       0x5c contiki-osd-merkur-256.a(rpl.o)
                0x00000000000125ce                rpl_purge_dags
 .text.rpl_init
                0x000000000001262a       0x6a contiki-osd-merkur-256.a(rpl.o)
                0x000000000001262a                rpl_init
 .text.reset    0x0000000000012694        0x2 contiki-osd-merkur-256.a(rpl-mrhof.o)
 .text.parent_link_metric
                0x0000000000012696       0x3a contiki-osd-merkur-256.a(rpl-mrhof.o)
 .text.parent_path_cost
                0x00000000000126d0       0x7a contiki-osd-merkur-256.a(rpl-mrhof.o)
 .text.update_metric_container
                0x000000000001274a       0x94 contiki-osd-merkur-256.a(rpl-mrhof.o)
 .text.rank_via_parent
                0x00000000000127de       0x78 contiki-osd-merkur-256.a(rpl-mrhof.o)
 .text.parent_is_acceptable
                0x0000000000012856       0x3c contiki-osd-merkur-256.a(rpl-mrhof.o)
 .text.parent_has_usable_link
                0x0000000000012892       0x16 contiki-osd-merkur-256.a(rpl-mrhof.o)
 .text.best_dag
                0x00000000000128a8       0x42 contiki-osd-merkur-256.a(rpl-mrhof.o)
 .text.best_parent
                0x00000000000128ea       0xb0 contiki-osd-merkur-256.a(rpl-mrhof.o)
 .text.get32    0x000000000001299a       0x22 contiki-osd-merkur-256.a(rpl-icmp6.o)
 .text.get16    0x00000000000129bc       0x10 contiki-osd-merkur-256.a(rpl-icmp6.o)
 .text.dao_ack_input
                0x00000000000129cc        0xe contiki-osd-merkur-256.a(rpl-icmp6.o)
 .text.dio_input
                0x00000000000129da      0x326 contiki-osd-merkur-256.a(rpl-icmp6.o)
 .text.rpl_icmp6_update_nbr_table
                0x0000000000012d00       0x3a contiki-osd-merkur-256.a(rpl-icmp6.o)
                0x0000000000012d00                rpl_icmp6_update_nbr_table
 .text.dao_input
                0x0000000000012d3a      0x3b2 contiki-osd-merkur-256.a(rpl-icmp6.o)
 .text.dis_output
                0x00000000000130ec       0x74 contiki-osd-merkur-256.a(rpl-icmp6.o)
                0x00000000000130ec                dis_output
 .text.dio_output
                0x0000000000013160      0x15c contiki-osd-merkur-256.a(rpl-icmp6.o)
                0x0000000000013160                dio_output
 .text.dis_input
                0x00000000000132bc       0x3e contiki-osd-merkur-256.a(rpl-icmp6.o)
 .text.dao_output_target
                0x00000000000132fa      0x130 contiki-osd-merkur-256.a(rpl-icmp6.o)
                0x00000000000132fa                dao_output_target
 .text.dao_output
                0x000000000001342a       0xc2 contiki-osd-merkur-256.a(rpl-icmp6.o)
                0x000000000001342a                dao_output
 .text.rpl_icmp6_register_handlers
                0x00000000000134ec       0x20 contiki-osd-merkur-256.a(rpl-icmp6.o)
                0x00000000000134ec                rpl_icmp6_register_handlers
 .text.parse    0x000000000001350c       0xd0 contiki-osd-merkur-256.a(framer-802154.o)
 .text.create_frame.isra.0
                0x00000000000135dc      0x158 contiki-osd-merkur-256.a(framer-802154.o)
 .text.create   0x0000000000013734        0x8 contiki-osd-merkur-256.a(framer-802154.o)
 .text.hdr_length